WARNING: Flash Attention 3 not available, using PyTorch SDPA fallback. Training will be less efficient.
2026-09-15 20:53:04,530 - nanochat.checkpoint_manager - [32m[1mINFO[0m - Loading model from /home/kayjayy/.cache/nanochat/chatsft_checkpoints/d2 with step 928
2026-09-15 20:53:04,781 - nanochat.checkpoint_manager - [32m[1mINFO[0m - Building model with config: {'sequence_len': 2048, 'vocab_size': 32768, 'n_layer': 2, 'n_head': 1, 'n_kv_head': 1, 'n_embd': 128, 'window_pattern': 'L'}
Inherited max_seq_len=2048 from pretrained checkpoint
Using device_batch_size=8
Inherited total_batch_size=524288 from pretrained checkpoint
Inherited embedding_lr=0.3 from pretrained checkpoint
Inherited unembedding_lr=0.004 from pretrained checkpoint
Inherited matrix_lr=0.02 from pretrained checkpoint
Tokens / micro-batch / rank: 8 x 2048 = 16,384
Tokens / micro-batch: 16,384
Total batch size 524,288 => gradient accumulation steps: 32
Scaling the LR for the AdamW parameters ∝1/√(128/768) = 2.449490
2026-09-15 20:53:06,948 - nanochat.checkpoint_manager - [32m[1mINFO[0m - Optimizer checkpoint not found: /home/kayjayy/.cache/nanochat/base_checkpoints/d2/optim_000928_rank0.pt
WARNING: optimizer checkpoint not found, starting with fresh optimizer (slightly worse)
Training mixture: 460,341 rows (MMLU x3, GSM8K x4)
Step 00000 | Validation bpb: 2.7670
step 00001 (0.15%) | loss: 4.598138 | lrm: 1.00 | dt: 3405.42ms | tok/sec: 153,956 | mfu: 0.00 | epoch: 1 | total time: 0.00m
step 00002 (0.29%) | loss: 5.763596 | lrm: 1.00 | dt: 1145.44ms | tok/sec: 457,716 | mfu: 0.00 | epoch: 1 | total time: 0.00m
step 00003 (0.44%) | loss: 6.228139 | lrm: 1.00 | dt: 1159.19ms | tok/sec: 452,286 | mfu: 0.00 | epoch: 1 | total time: 0.00m
step 00004 (0.57%) | loss: 6.330290 | lrm: 1.00 | dt: 1182.02ms | tok/sec: 443,553 | mfu: 0.00 | epoch: 1 | total time: 0.00m
step 00005 (0.71%) | loss: 6.375766 | lrm: 1.00 | dt: 1186.20ms | tok/sec: 441,989 | mfu: 0.00 | epoch: 1 | total time: 0.00m
step 00006 (0.85%) | loss: 6.268431 | lrm: 1.00 | dt: 1158.46ms | tok/sec: 452,574 | mfu: 0.00 | epoch: 1 | total time: 0.00m
step 00007 (0.98%) | loss: 6.219486 | lrm: 1.00 | dt: 1158.26ms | tok/sec: 452,652 | mfu: 0.00 | epoch: 1 | total time: 0.00m
step 00008 (1.12%) | loss: 6.140532 | lrm: 1.00 | dt: 1155.55ms | tok/sec: 453,711 | mfu: 0.00 | epoch: 1 | total time: 0.00m
step 00009 (1.25%) | loss: 6.047016 | lrm: 1.00 | dt: 1160.43ms | tok/sec: 451,805 | mfu: 0.00 | epoch: 1 | total time: 0.00m
step 00010 (1.39%) | loss: 5.938650 | lrm: 1.00 | dt: 1150.46ms | tok/sec: 455,721 | mfu: 0.00 | epoch: 1 | total time: 0.00m
step 00011 (1.53%) | loss: 5.857488 | lrm: 1.00 | dt: 1158.13ms | tok/sec: 452,700 | mfu: 0.00 | epoch: 1 | total time: 0.02m
step 00012 (1.66%) | loss: 5.736960 | lrm: 1.00 | dt: 1146.22ms | tok/sec: 457,405 | mfu: 0.00 | epoch: 1 | total time: 0.04m
step 00013 (1.80%) | loss: 5.659891 | lrm: 1.00 | dt: 1143.91ms | tok/sec: 458,328 | mfu: 0.00 | epoch: 1 | total time: 0.06m
step 00014 (1.94%) | loss: 5.619368 | lrm: 1.00 | dt: 1148.53ms | tok/sec: 456,485 | mfu: 0.00 | epoch: 1 | total time: 0.08m
step 00015 (2.09%) | loss: 5.525347 | lrm: 1.00 | dt: 1149.36ms | tok/sec: 456,155 | mfu: 0.00 | epoch: 1 | total time: 0.10m
step 00016 (2.23%) | loss: 5.438281 | lrm: 1.00 | dt: 1231.24ms | tok/sec: 425,821 | mfu: 0.00 | epoch: 1 | total time: 0.12m
step 00017 (2.37%) | loss: 5.364795 | lrm: 1.00 | dt: 1190.31ms | tok/sec: 440,464 | mfu: 0.00 | epoch: 1 | total time: 0.14m
step 00018 (2.51%) | loss: 5.297395 | lrm: 1.00 | dt: 1200.07ms | tok/sec: 436,882 | mfu: 0.00 | epoch: 1 | total time: 0.16m
step 00019 (2.65%) | loss: 5.219616 | lrm: 1.00 | dt: 1177.39ms | tok/sec: 445,296 | mfu: 0.00 | epoch: 1 | total time: 0.18m
step 00020 (2.79%) | loss: 5.159137 | lrm: 1.00 | dt: 1198.68ms | tok/sec: 437,388 | mfu: 0.00 | epoch: 1 | total time: 0.20m
step 00021 (2.92%) | loss: 5.121553 | lrm: 1.00 | dt: 2134.23ms | tok/sec: 245,657 | mfu: 0.00 | epoch: 1 | total time: 0.23m
step 00022 (3.05%) | loss: 5.061032 | lrm: 1.00 | dt: 1752.76ms | tok/sec: 299,121 | mfu: 0.00 | epoch: 1 | total time: 0.26m
step 00023 (3.20%) | loss: 5.005598 | lrm: 1.00 | dt: 1896.49ms | tok/sec: 276,451 | mfu: 0.00 | epoch: 1 | total time: 0.29m
step 00024 (3.35%) | loss: 4.943330 | lrm: 1.00 | dt: 1961.43ms | tok/sec: 267,298 | mfu: 0.00 | epoch: 1 | total time: 0.32m
step 00025 (3.49%) | loss: 4.867227 | lrm: 1.00 | dt: 2074.34ms | tok/sec: 252,749 | mfu: 0.00 | epoch: 1 | total time: 0.36m
step 00026 (3.63%) | loss: 4.803803 | lrm: 1.00 | dt: 2195.63ms | tok/sec: 238,787 | mfu: 0.00 | epoch: 1 | total time: 0.40m
step 00027 (3.76%) | loss: 4.723194 | lrm: 1.00 | dt: 1325.20ms | tok/sec: 395,628 | mfu: 0.00 | epoch: 1 | total time: 0.42m
step 00028 (3.92%) | loss: 4.681052 | lrm: 1.00 | dt: 1404.73ms | tok/sec: 373,230 | mfu: 0.00 | epoch: 1 | total time: 0.44m
step 00029 (4.05%) | loss: 4.660774 | lrm: 1.00 | dt: 1158.51ms | tok/sec: 452,553 | mfu: 0.00 | epoch: 1 | total time: 0.46m
step 00030 (4.19%) | loss: 4.677270 | lrm: 1.00 | dt: 1157.99ms | tok/sec: 452,756 | mfu: 0.00 | epoch: 1 | total time: 0.48m
step 00031 (4.33%) | loss: 4.608892 | lrm: 1.00 | dt: 1168.22ms | tok/sec: 448,791 | mfu: 0.00 | epoch: 1 | total time: 0.50m
step 00032 (4.47%) | loss: 4.513253 | lrm: 1.00 | dt: 1177.63ms | tok/sec: 445,205 | mfu: 0.00 | epoch: 1 | total time: 0.52m
step 00033 (4.59%) | loss: 4.502672 | lrm: 1.00 | dt: 1796.84ms | tok/sec: 291,783 | mfu: 0.00 | epoch: 1 | total time: 0.55m
step 00034 (4.73%) | loss: 4.457550 | lrm: 1.00 | dt: 1732.52ms | tok/sec: 302,615 | mfu: 0.00 | epoch: 1 | total time: 0.58m
step 00035 (4.87%) | loss: 4.380087 | lrm: 1.00 | dt: 1166.70ms | tok/sec: 449,376 | mfu: 0.00 | epoch: 1 | total time: 0.60m
step 00036 (5.02%) | loss: 4.310670 | lrm: 1.00 | dt: 1177.36ms | tok/sec: 445,309 | mfu: 0.00 | epoch: 1 | total time: 0.62m
step 00037 (5.15%) | loss: 4.309470 | lrm: 1.00 | dt: 1214.60ms | tok/sec: 431,654 | mfu: 0.00 | epoch: 1 | total time: 0.64m
step 00038 (5.29%) | loss: 4.234098 | lrm: 1.00 | dt: 1180.76ms | tok/sec: 444,024 | mfu: 0.00 | epoch: 1 | total time: 0.66m
step 00039 (5.43%) | loss: 4.200064 | lrm: 1.00 | dt: 1166.71ms | tok/sec: 449,372 | mfu: 0.00 | epoch: 1 | total time: 0.68m
step 00040 (5.57%) | loss: 4.192411 | lrm: 1.00 | dt: 1168.63ms | tok/sec: 448,634 | mfu: 0.00 | epoch: 1 | total time: 0.70m
step 00041 (5.70%) | loss: 4.166491 | lrm: 1.00 | dt: 1249.42ms | tok/sec: 419,625 | mfu: 0.00 | epoch: 1 | total time: 0.72m
step 00042 (5.84%) | loss: 4.138668 | lrm: 1.00 | dt: 1329.91ms | tok/sec: 394,227 | mfu: 0.00 | epoch: 1 | total time: 0.74m
step 00043 (5.98%) | loss: 4.134646 | lrm: 1.00 | dt: 1190.69ms | tok/sec: 440,322 | mfu: 0.00 | epoch: 1 | total time: 0.76m
step 00044 (6.13%) | loss: 4.088370 | lrm: 1.00 | dt: 1164.08ms | tok/sec: 450,386 | mfu: 0.00 | epoch: 1 | total time: 0.78m
step 00045 (6.26%) | loss: 4.078544 | lrm: 1.00 | dt: 1403.61ms | tok/sec: 373,529 | mfu: 0.00 | epoch: 1 | total time: 0.80m
step 00046 (6.41%) | loss: 4.023442 | lrm: 1.00 | dt: 1512.64ms | tok/sec: 346,604 | mfu: 0.00 | epoch: 1 | total time: 0.83m
step 00047 (6.55%) | loss: 3.999584 | lrm: 1.00 | dt: 1160.94ms | tok/sec: 451,607 | mfu: 0.00 | epoch: 1 | total time: 0.85m
step 00048 (6.70%) | loss: 3.962933 | lrm: 1.00 | dt: 1510.29ms | tok/sec: 347,143 | mfu: 0.00 | epoch: 1 | total time: 0.87m
step 00049 (6.86%) | loss: 3.903704 | lrm: 1.00 | dt: 1752.91ms | tok/sec: 299,095 | mfu: 0.00 | epoch: 1 | total time: 0.90m
step 00050 (6.99%) | loss: 3.895622 | lrm: 1.00 | dt: 1158.02ms | tok/sec: 452,745 | mfu: 0.00 | epoch: 1 | total time: 0.92m
step 00051 (7.12%) | loss: 3.909156 | lrm: 1.00 | dt: 1394.13ms | tok/sec: 376,067 | mfu: 0.00 | epoch: 1 | total time: 0.94m
step 00052 (7.27%) | loss: 3.866620 | lrm: 1.00 | dt: 1163.85ms | tok/sec: 450,478 | mfu: 0.00 | epoch: 1 | total time: 0.96m
step 00053 (7.40%) | loss: 3.866029 | lrm: 1.00 | dt: 1306.69ms | tok/sec: 401,233 | mfu: 0.00 | epoch: 1 | total time: 0.98m
step 00054 (7.53%) | loss: 3.831452 | lrm: 1.00 | dt: 1298.13ms | tok/sec: 403,880 | mfu: 0.00 | epoch: 1 | total time: 1.01m
step 00055 (7.66%) | loss: 3.813389 | lrm: 1.00 | dt: 1294.58ms | tok/sec: 404,988 | mfu: 0.00 | epoch: 1 | total time: 1.03m
step 00056 (7.79%) | loss: 3.757189 | lrm: 1.00 | dt: 1316.07ms | tok/sec: 398,374 | mfu: 0.00 | epoch: 1 | total time: 1.05m
step 00057 (7.94%) | loss: 3.749175 | lrm: 1.00 | dt: 1468.44ms | tok/sec: 357,037 | mfu: 0.00 | epoch: 1 | total time: 1.07m
step 00058 (8.07%) | loss: 3.742490 | lrm: 1.00 | dt: 1158.54ms | tok/sec: 452,540 | mfu: 0.00 | epoch: 1 | total time: 1.09m
step 00059 (8.21%) | loss: 3.728168 | lrm: 1.00 | dt: 1470.93ms | tok/sec: 356,432 | mfu: 0.00 | epoch: 1 | total time: 1.12m
step 00060 (8.34%) | loss: 3.728118 | lrm: 1.00 | dt: 1288.31ms | tok/sec: 406,956 | mfu: 0.00 | epoch: 1 | total time: 1.14m
step 00061 (8.49%) | loss: 3.712070 | lrm: 1.00 | dt: 1158.48ms | tok/sec: 452,566 | mfu: 0.00 | epoch: 1 | total time: 1.16m
step 00062 (8.64%) | loss: 3.714071 | lrm: 1.00 | dt: 1167.11ms | tok/sec: 449,219 | mfu: 0.00 | epoch: 1 | total time: 1.18m
step 00063 (8.77%) | loss: 3.733809 | lrm: 1.00 | dt: 1538.06ms | tok/sec: 340,876 | mfu: 0.00 | epoch: 1 | total time: 1.20m
step 00064 (8.91%) | loss: 3.742490 | lrm: 1.00 | dt: 1766.95ms | tok/sec: 296,718 | mfu: 0.00 | epoch: 1 | total time: 1.23m
step 00065 (9.05%) | loss: 3.699968 | lrm: 1.00 | dt: 1258.33ms | tok/sec: 416,654 | mfu: 0.00 | epoch: 1 | total time: 1.25m
step 00066 (9.18%) | loss: 3.678784 | lrm: 1.00 | dt: 1201.65ms | tok/sec: 436,305 | mfu: 0.00 | epoch: 1 | total time: 1.27m
step 00067 (9.32%) | loss: 3.652155 | lrm: 1.00 | dt: 1352.25ms | tok/sec: 387,714 | mfu: 0.00 | epoch: 1 | total time: 1.30m
step 00068 (9.47%) | loss: 3.641174 | lrm: 1.00 | dt: 1358.24ms | tok/sec: 386,005 | mfu: 0.00 | epoch: 1 | total time: 1.32m
step 00069 (9.60%) | loss: 3.627923 | lrm: 1.00 | dt: 1165.92ms | tok/sec: 449,678 | mfu: 0.00 | epoch: 1 | total time: 1.34m
step 00070 (9.75%) | loss: 3.618781 | lrm: 1.00 | dt: 1264.54ms | tok/sec: 414,606 | mfu: 0.00 | epoch: 1 | total time: 1.36m
step 00071 (9.89%) | loss: 3.567416 | lrm: 1.00 | dt: 1154.83ms | tok/sec: 453,996 | mfu: 0.00 | epoch: 1 | total time: 1.38m
step 00072 (10.04%) | loss: 3.561962 | lrm: 1.00 | dt: 1468.46ms | tok/sec: 357,031 | mfu: 0.00 | epoch: 1 | total time: 1.40m
step 00073 (10.18%) | loss: 3.533521 | lrm: 1.00 | dt: 1468.40ms | tok/sec: 357,046 | mfu: 0.00 | epoch: 1 | total time: 1.43m
step 00074 (10.32%) | loss: 3.483658 | lrm: 1.00 | dt: 1674.02ms | tok/sec: 313,190 | mfu: 0.00 | epoch: 1 | total time: 1.46m
step 00075 (10.45%) | loss: 3.438832 | lrm: 1.00 | dt: 1205.63ms | tok/sec: 434,865 | mfu: 0.00 | epoch: 1 | total time: 1.48m
step 00076 (10.58%) | loss: 3.427319 | lrm: 1.00 | dt: 1163.54ms | tok/sec: 450,596 | mfu: 0.00 | epoch: 1 | total time: 1.50m
step 00077 (10.72%) | loss: 3.412970 | lrm: 1.00 | dt: 1720.56ms | tok/sec: 304,718 | mfu: 0.00 | epoch: 1 | total time: 1.52m
step 00078 (10.86%) | loss: 3.391812 | lrm: 1.00 | dt: 1406.57ms | tok/sec: 372,741 | mfu: 0.00 | epoch: 1 | total time: 1.55m
step 00079 (10.99%) | loss: 3.398685 | lrm: 1.00 | dt: 1439.32ms | tok/sec: 364,261 | mfu: 0.00 | epoch: 1 | total time: 1.57m
step 00080 (11.13%) | loss: 3.393993 | lrm: 1.00 | dt: 1579.58ms | tok/sec: 331,916 | mfu: 0.00 | epoch: 1 | total time: 1.60m
step 00081 (11.26%) | loss: 3.372430 | lrm: 1.00 | dt: 1397.65ms | tok/sec: 375,120 | mfu: 0.00 | epoch: 1 | total time: 1.62m
step 00082 (11.40%) | loss: 3.355972 | lrm: 1.00 | dt: 1326.64ms | tok/sec: 395,199 | mfu: 0.00 | epoch: 1 | total time: 1.64m
step 00083 (11.53%) | loss: 3.372350 | lrm: 1.00 | dt: 1448.86ms | tok/sec: 361,862 | mfu: 0.00 | epoch: 1 | total time: 1.67m
step 00084 (11.68%) | loss: 3.335691 | lrm: 1.00 | dt: 1371.62ms | tok/sec: 382,238 | mfu: 0.00 | epoch: 1 | total time: 1.69m
step 00085 (11.83%) | loss: 3.346770 | lrm: 1.00 | dt: 1419.82ms | tok/sec: 369,264 | mfu: 0.00 | epoch: 1 | total time: 1.71m
step 00086 (11.97%) | loss: 3.324687 | lrm: 1.00 | dt: 1272.33ms | tok/sec: 412,069 | mfu: 0.00 | epoch: 1 | total time: 1.73m
step 00087 (12.11%) | loss: 3.350253 | lrm: 1.00 | dt: 1860.04ms | tok/sec: 281,869 | mfu: 0.00 | epoch: 1 | total time: 1.77m
step 00088 (12.24%) | loss: 3.347809 | lrm: 1.00 | dt: 1738.17ms | tok/sec: 301,632 | mfu: 0.00 | epoch: 1 | total time: 1.79m
step 00089 (12.38%) | loss: 3.353790 | lrm: 1.00 | dt: 1691.22ms | tok/sec: 310,005 | mfu: 0.00 | epoch: 1 | total time: 1.82m
step 00090 (12.52%) | loss: 3.339600 | lrm: 1.00 | dt: 1404.03ms | tok/sec: 373,417 | mfu: 0.00 | epoch: 1 | total time: 1.85m
step 00091 (12.66%) | loss: 3.317936 | lrm: 1.00 | dt: 1910.40ms | tok/sec: 274,438 | mfu: 0.00 | epoch: 1 | total time: 1.88m
step 00092 (12.80%) | loss: 3.309619 | lrm: 1.00 | dt: 1789.51ms | tok/sec: 292,978 | mfu: 0.00 | epoch: 1 | total time: 1.91m
step 00093 (12.95%) | loss: 3.301836 | lrm: 1.00 | dt: 1893.45ms | tok/sec: 276,895 | mfu: 0.00 | epoch: 1 | total time: 1.94m
step 00094 (13.09%) | loss: 3.296124 | lrm: 1.00 | dt: 1494.47ms | tok/sec: 350,819 | mfu: 0.00 | epoch: 1 | total time: 1.96m
step 00095 (13.24%) | loss: 3.298668 | lrm: 1.00 | dt: 1711.95ms | tok/sec: 306,251 | mfu: 0.00 | epoch: 1 | total time: 1.99m
step 00096 (13.36%) | loss: 3.282473 | lrm: 1.00 | dt: 1200.07ms | tok/sec: 436,881 | mfu: 0.00 | epoch: 1 | total time: 2.01m
step 00097 (13.50%) | loss: 3.283975 | lrm: 1.00 | dt: 1913.77ms | tok/sec: 273,956 | mfu: 0.00 | epoch: 1 | total time: 2.05m
step 00098 (13.66%) | loss: 3.247199 | lrm: 1.00 | dt: 1763.30ms | tok/sec: 297,333 | mfu: 0.00 | epoch: 1 | total time: 2.07m
step 00099 (13.80%) | loss: 3.242379 | lrm: 1.00 | dt: 1732.17ms | tok/sec: 302,677 | mfu: 0.00 | epoch: 1 | total time: 2.10m
step 00100 (13.94%) | loss: 3.206484 | lrm: 1.00 | dt: 1722.44ms | tok/sec: 304,387 | mfu: 0.00 | epoch: 1 | total time: 2.13m
step 00101 (14.07%) | loss: 3.180104 | lrm: 1.00 | dt: 1729.30ms | tok/sec: 303,179 | mfu: 0.00 | epoch: 1 | total time: 2.16m
step 00102 (14.23%) | loss: 3.193353 | lrm: 1.00 | dt: 1638.72ms | tok/sec: 319,937 | mfu: 0.00 | epoch: 1 | total time: 2.19m
step 00103 (14.35%) | loss: 3.172025 | lrm: 1.00 | dt: 1175.43ms | tok/sec: 446,040 | mfu: 0.00 | epoch: 1 | total time: 2.21m
step 00104 (14.49%) | loss: 3.199154 | lrm: 1.00 | dt: 1441.24ms | tok/sec: 363,774 | mfu: 0.00 | epoch: 1 | total time: 2.23m
step 00105 (14.62%) | loss: 3.184729 | lrm: 1.00 | dt: 1282.81ms | tok/sec: 408,701 | mfu: 0.00 | epoch: 1 | total time: 2.25m
step 00106 (14.76%) | loss: 3.190797 | lrm: 1.00 | dt: 1196.82ms | tok/sec: 438,068 | mfu: 0.00 | epoch: 1 | total time: 2.27m
step 00107 (14.90%) | loss: 3.172254 | lrm: 1.00 | dt: 1370.30ms | tok/sec: 382,607 | mfu: 0.00 | epoch: 1 | total time: 2.30m
step 00108 (15.04%) | loss: 3.186171 | lrm: 1.00 | dt: 1947.08ms | tok/sec: 269,268 | mfu: 0.00 | epoch: 1 | total time: 2.33m
step 00109 (15.17%) | loss: 3.160868 | lrm: 1.00 | dt: 1856.60ms | tok/sec: 282,391 | mfu: 0.00 | epoch: 1 | total time: 2.36m
step 00110 (15.32%) | loss: 3.144097 | lrm: 1.00 | dt: 1848.56ms | tok/sec: 283,620 | mfu: 0.00 | epoch: 1 | total time: 2.39m
step 00111 (15.45%) | loss: 3.117255 | lrm: 1.00 | dt: 1922.95ms | tok/sec: 272,647 | mfu: 0.00 | epoch: 1 | total time: 2.42m
step 00112 (15.59%) | loss: 3.098644 | lrm: 1.00 | dt: 1907.40ms | tok/sec: 274,870 | mfu: 0.00 | epoch: 1 | total time: 2.45m
step 00113 (15.73%) | loss: 3.102168 | lrm: 1.00 | dt: 1922.36ms | tok/sec: 272,730 | mfu: 0.00 | epoch: 1 | total time: 2.49m
step 00114 (15.87%) | loss: 3.150390 | lrm: 1.00 | dt: 1733.16ms | tok/sec: 302,504 | mfu: 0.00 | epoch: 1 | total time: 2.51m
step 00115 (16.01%) | loss: 3.159605 | lrm: 1.00 | dt: 1891.56ms | tok/sec: 277,172 | mfu: 0.00 | epoch: 1 | total time: 2.55m
step 00116 (16.15%) | loss: 3.152203 | lrm: 1.00 | dt: 1976.42ms | tok/sec: 265,271 | mfu: 0.00 | epoch: 1 | total time: 2.58m
step 00117 (16.29%) | loss: 3.175005 | lrm: 1.00 | dt: 1833.07ms | tok/sec: 286,016 | mfu: 0.00 | epoch: 1 | total time: 2.61m
step 00118 (16.43%) | loss: 3.198311 | lrm: 1.00 | dt: 1471.14ms | tok/sec: 356,380 | mfu: 0.00 | epoch: 1 | total time: 2.63m
step 00119 (16.57%) | loss: 3.205762 | lrm: 1.00 | dt: 1865.45ms | tok/sec: 281,052 | mfu: 0.00 | epoch: 1 | total time: 2.67m
step 00120 (16.70%) | loss: 3.199553 | lrm: 1.00 | dt: 1854.13ms | tok/sec: 282,767 | mfu: 0.00 | epoch: 1 | total time: 2.70m
step 00121 (16.84%) | loss: 3.164966 | lrm: 1.00 | dt: 1909.52ms | tok/sec: 274,565 | mfu: 0.00 | epoch: 1 | total time: 2.73m
step 00122 (16.99%) | loss: 3.153879 | lrm: 1.00 | dt: 1768.68ms | tok/sec: 296,429 | mfu: 0.00 | epoch: 1 | total time: 2.76m
step 00123 (17.13%) | loss: 3.133642 | lrm: 1.00 | dt: 1983.72ms | tok/sec: 264,295 | mfu: 0.00 | epoch: 1 | total time: 2.79m
step 00124 (17.28%) | loss: 3.150142 | lrm: 1.00 | dt: 1752.32ms | tok/sec: 299,197 | mfu: 0.00 | epoch: 1 | total time: 2.82m
step 00125 (17.42%) | loss: 3.100326 | lrm: 1.00 | dt: 1771.70ms | tok/sec: 295,924 | mfu: 0.00 | epoch: 1 | total time: 2.85m
step 00126 (17.55%) | loss: 3.123228 | lrm: 1.00 | dt: 1407.52ms | tok/sec: 372,489 | mfu: 0.00 | epoch: 1 | total time: 2.87m
step 00127 (17.69%) | loss: 3.117301 | lrm: 1.00 | dt: 1787.15ms | tok/sec: 293,365 | mfu: 0.00 | epoch: 1 | total time: 2.90m
step 00128 (17.83%) | loss: 3.098388 | lrm: 1.00 | dt: 1957.15ms | tok/sec: 267,883 | mfu: 0.00 | epoch: 1 | total time: 2.94m
step 00129 (17.96%) | loss: 3.061662 | lrm: 1.00 | dt: 1915.23ms | tok/sec: 273,747 | mfu: 0.00 | epoch: 1 | total time: 2.97m
step 00130 (18.10%) | loss: 3.053203 | lrm: 1.00 | dt: 2030.69ms | tok/sec: 258,182 | mfu: 0.00 | epoch: 1 | total time: 3.00m
step 00131 (18.24%) | loss: 3.063201 | lrm: 1.00 | dt: 1494.61ms | tok/sec: 350,785 | mfu: 0.00 | epoch: 1 | total time: 3.03m
step 00132 (18.38%) | loss: 3.053974 | lrm: 1.00 | dt: 1743.22ms | tok/sec: 300,758 | mfu: 0.00 | epoch: 1 | total time: 3.06m
step 00133 (18.51%) | loss: 3.039255 | lrm: 1.00 | dt: 1845.07ms | tok/sec: 284,155 | mfu: 0.00 | epoch: 1 | total time: 3.09m
step 00134 (18.65%) | loss: 3.027181 | lrm: 1.00 | dt: 1365.30ms | tok/sec: 384,008 | mfu: 0.00 | epoch: 1 | total time: 3.11m
step 00135 (18.79%) | loss: 3.025637 | lrm: 1.00 | dt: 1938.70ms | tok/sec: 270,432 | mfu: 0.00 | epoch: 1 | total time: 3.14m
step 00136 (18.93%) | loss: 2.981554 | lrm: 1.00 | dt: 1969.64ms | tok/sec: 266,185 | mfu: 0.00 | epoch: 1 | total time: 3.17m
step 00137 (19.07%) | loss: 2.958140 | lrm: 1.00 | dt: 2059.62ms | tok/sec: 254,556 | mfu: 0.00 | epoch: 1 | total time: 3.21m
step 00138 (19.20%) | loss: 2.959539 | lrm: 1.00 | dt: 1600.14ms | tok/sec: 327,651 | mfu: 0.00 | epoch: 1 | total time: 3.23m
step 00139 (19.33%) | loss: 2.965553 | lrm: 1.00 | dt: 1800.91ms | tok/sec: 291,123 | mfu: 0.00 | epoch: 1 | total time: 3.26m
step 00140 (19.46%) | loss: 2.966637 | lrm: 1.00 | dt: 1481.87ms | tok/sec: 353,801 | mfu: 0.00 | epoch: 1 | total time: 3.29m
step 00141 (19.61%) | loss: 2.973702 | lrm: 1.00 | dt: 1858.93ms | tok/sec: 282,036 | mfu: 0.00 | epoch: 1 | total time: 3.32m
step 00142 (19.74%) | loss: 3.009469 | lrm: 1.00 | dt: 1827.59ms | tok/sec: 286,873 | mfu: 0.00 | epoch: 1 | total time: 3.35m
step 00143 (19.88%) | loss: 3.011347 | lrm: 1.00 | dt: 1554.17ms | tok/sec: 337,341 | mfu: 0.00 | epoch: 1 | total time: 3.38m
step 00144 (20.02%) | loss: 3.022123 | lrm: 1.00 | dt: 1948.15ms | tok/sec: 269,121 | mfu: 0.00 | epoch: 1 | total time: 3.41m
step 00145 (20.15%) | loss: 2.985064 | lrm: 1.00 | dt: 1371.83ms | tok/sec: 382,180 | mfu: 0.00 | epoch: 1 | total time: 3.43m
step 00146 (20.30%) | loss: 2.961143 | lrm: 1.00 | dt: 1979.79ms | tok/sec: 264,820 | mfu: 0.00 | epoch: 1 | total time: 3.47m
step 00147 (20.44%) | loss: 2.990567 | lrm: 1.00 | dt: 1279.92ms | tok/sec: 409,625 | mfu: 0.00 | epoch: 1 | total time: 3.49m
step 00148 (20.59%) | loss: 2.971948 | lrm: 1.00 | dt: 1723.66ms | tok/sec: 304,172 | mfu: 0.00 | epoch: 1 | total time: 3.52m
step 00149 (20.73%) | loss: 2.993487 | lrm: 1.00 | dt: 1956.89ms | tok/sec: 267,918 | mfu: 0.00 | epoch: 1 | total time: 3.55m
step 00150 (20.86%) | loss: 3.025950 | lrm: 1.00 | dt: 2885.08ms | tok/sec: 181,723 | mfu: 0.00 | epoch: 1 | total time: 3.60m
step 00151 (20.99%) | loss: 3.019337 | lrm: 1.00 | dt: 2984.04ms | tok/sec: 175,697 | mfu: 0.00 | epoch: 1 | total time: 3.65m
step 00152 (21.13%) | loss: 3.000643 | lrm: 1.00 | dt: 2750.41ms | tok/sec: 190,622 | mfu: 0.00 | epoch: 1 | total time: 3.69m
step 00153 (21.28%) | loss: 3.006235 | lrm: 1.00 | dt: 2989.27ms | tok/sec: 175,390 | mfu: 0.00 | epoch: 1 | total time: 3.74m
step 00154 (21.41%) | loss: 2.982698 | lrm: 1.00 | dt: 4590.20ms | tok/sec: 114,218 | mfu: 0.00 | epoch: 1 | total time: 3.82m
step 00155 (21.53%) | loss: 2.982070 | lrm: 1.00 | dt: 3817.80ms | tok/sec: 137,327 | mfu: 0.00 | epoch: 1 | total time: 3.88m
step 00156 (21.66%) | loss: 2.985641 | lrm: 1.00 | dt: 3829.52ms | tok/sec: 136,907 | mfu: 0.00 | epoch: 1 | total time: 3.95m
step 00157 (21.81%) | loss: 2.982237 | lrm: 1.00 | dt: 2870.79ms | tok/sec: 182,628 | mfu: 0.00 | epoch: 1 | total time: 3.99m
step 00158 (21.94%) | loss: 2.983887 | lrm: 1.00 | dt: 2581.32ms | tok/sec: 203,108 | mfu: 0.00 | epoch: 1 | total time: 4.04m
step 00159 (22.08%) | loss: 2.993094 | lrm: 1.00 | dt: 1860.43ms | tok/sec: 281,809 | mfu: 0.00 | epoch: 1 | total time: 4.07m
step 00160 (22.23%) | loss: 3.001568 | lrm: 1.00 | dt: 2625.00ms | tok/sec: 199,729 | mfu: 0.00 | epoch: 1 | total time: 4.11m
step 00161 (22.37%) | loss: 3.009108 | lrm: 1.00 | dt: 2404.78ms | tok/sec: 218,019 | mfu: 0.00 | epoch: 1 | total time: 4.15m
step 00162 (22.51%) | loss: 2.997123 | lrm: 1.00 | dt: 1604.50ms | tok/sec: 326,761 | mfu: 0.00 | epoch: 1 | total time: 4.18m
step 00163 (22.64%) | loss: 2.960863 | lrm: 1.00 | dt: 2768.24ms | tok/sec: 189,393 | mfu: 0.00 | epoch: 1 | total time: 4.22m
step 00164 (22.77%) | loss: 2.950665 | lrm: 1.00 | dt: 2996.05ms | tok/sec: 174,993 | mfu: 0.00 | epoch: 1 | total time: 4.27m
step 00165 (22.91%) | loss: 2.894818 | lrm: 1.00 | dt: 2796.52ms | tok/sec: 187,478 | mfu: 0.00 | epoch: 1 | total time: 4.32m
step 00166 (23.05%) | loss: 2.904840 | lrm: 1.00 | dt: 2543.49ms | tok/sec: 206,129 | mfu: 0.00 | epoch: 1 | total time: 4.36m
step 00167 (23.20%) | loss: 2.885712 | lrm: 1.00 | dt: 2054.79ms | tok/sec: 255,153 | mfu: 0.00 | epoch: 1 | total time: 4.40m
step 00168 (23.33%) | loss: 2.846478 | lrm: 1.00 | dt: 1888.16ms | tok/sec: 277,671 | mfu: 0.00 | epoch: 1 | total time: 4.43m
step 00169 (23.47%) | loss: 2.875099 | lrm: 1.00 | dt: 1238.48ms | tok/sec: 423,333 | mfu: 0.00 | epoch: 1 | total time: 4.45m
step 00170 (23.62%) | loss: 2.865028 | lrm: 1.00 | dt: 1682.45ms | tok/sec: 311,620 | mfu: 0.00 | epoch: 1 | total time: 4.48m
step 00171 (23.77%) | loss: 2.878774 | lrm: 1.00 | dt: 1415.53ms | tok/sec: 370,383 | mfu: 0.00 | epoch: 1 | total time: 4.50m
step 00172 (23.91%) | loss: 2.825395 | lrm: 1.00 | dt: 1446.70ms | tok/sec: 362,403 | mfu: 0.00 | epoch: 1 | total time: 4.52m
step 00173 (24.04%) | loss: 2.830842 | lrm: 1.00 | dt: 1836.06ms | tok/sec: 285,550 | mfu: 0.00 | epoch: 1 | total time: 4.56m
step 00174 (24.19%) | loss: 2.846997 | lrm: 1.00 | dt: 1457.75ms | tok/sec: 359,655 | mfu: 0.00 | epoch: 1 | total time: 4.58m
step 00175 (24.32%) | loss: 2.855835 | lrm: 1.00 | dt: 1954.96ms | tok/sec: 268,183 | mfu: 0.00 | epoch: 1 | total time: 4.61m
step 00176 (24.48%) | loss: 2.858944 | lrm: 1.00 | dt: 1624.74ms | tok/sec: 322,691 | mfu: 0.00 | epoch: 1 | total time: 4.64m
step 00177 (24.61%) | loss: 2.830497 | lrm: 1.00 | dt: 1591.94ms | tok/sec: 329,338 | mfu: 0.00 | epoch: 1 | total time: 4.67m
step 00178 (24.75%) | loss: 2.834725 | lrm: 1.00 | dt: 1703.30ms | tok/sec: 307,807 | mfu: 0.00 | epoch: 1 | total time: 4.69m
step 00179 (24.89%) | loss: 2.839636 | lrm: 1.00 | dt: 1232.20ms | tok/sec: 425,488 | mfu: 0.00 | epoch: 1 | total time: 4.71m
step 00180 (25.04%) | loss: 2.876066 | lrm: 1.00 | dt: 1723.44ms | tok/sec: 304,210 | mfu: 0.00 | epoch: 1 | total time: 4.74m
step 00181 (25.17%) | loss: 2.848774 | lrm: 1.00 | dt: 1692.59ms | tok/sec: 309,754 | mfu: 0.00 | epoch: 1 | total time: 4.77m
step 00182 (25.31%) | loss: 2.893260 | lrm: 1.00 | dt: 1765.47ms | tok/sec: 296,968 | mfu: 0.00 | epoch: 1 | total time: 4.80m
step 00183 (25.44%) | loss: 2.873397 | lrm: 1.00 | dt: 1441.82ms | tok/sec: 363,628 | mfu: 0.00 | epoch: 1 | total time: 4.83m
step 00184 (25.57%) | loss: 2.854294 | lrm: 1.00 | dt: 1855.43ms | tok/sec: 282,569 | mfu: 0.00 | epoch: 1 | total time: 4.86m
step 00185 (25.71%) | loss: 2.848974 | lrm: 1.00 | dt: 1839.27ms | tok/sec: 285,051 | mfu: 0.00 | epoch: 1 | total time: 4.89m
step 00186 (25.86%) | loss: 2.854207 | lrm: 1.00 | dt: 1417.66ms | tok/sec: 369,825 | mfu: 0.00 | epoch: 1 | total time: 4.91m
step 00187 (25.99%) | loss: 2.845980 | lrm: 1.00 | dt: 1848.73ms | tok/sec: 283,592 | mfu: 0.00 | epoch: 1 | total time: 4.94m
step 00188 (26.14%) | loss: 2.824532 | lrm: 1.00 | dt: 1908.61ms | tok/sec: 274,696 | mfu: 0.00 | epoch: 1 | total time: 4.97m
step 00189 (26.28%) | loss: 2.815509 | lrm: 1.00 | dt: 1262.27ms | tok/sec: 415,354 | mfu: 0.00 | epoch: 1 | total time: 4.99m
step 00190 (26.43%) | loss: 2.830920 | lrm: 1.00 | dt: 1732.60ms | tok/sec: 302,602 | mfu: 0.00 | epoch: 1 | total time: 5.02m
step 00191 (26.56%) | loss: 2.807866 | lrm: 1.00 | dt: 1862.82ms | tok/sec: 281,448 | mfu: 0.00 | epoch: 1 | total time: 5.05m
step 00192 (26.70%) | loss: 2.825747 | lrm: 1.00 | dt: 1747.67ms | tok/sec: 299,992 | mfu: 0.00 | epoch: 1 | total time: 5.08m
step 00193 (26.85%) | loss: 2.844866 | lrm: 1.00 | dt: 1699.57ms | tok/sec: 308,482 | mfu: 0.00 | epoch: 1 | total time: 5.11m
step 00194 (26.99%) | loss: 2.840075 | lrm: 1.00 | dt: 1585.47ms | tok/sec: 330,682 | mfu: 0.00 | epoch: 1 | total time: 5.14m
step 00195 (27.12%) | loss: 2.825050 | lrm: 1.00 | dt: 1850.88ms | tok/sec: 283,264 | mfu: 0.00 | epoch: 1 | total time: 5.17m
step 00196 (27.26%) | loss: 2.850273 | lrm: 1.00 | dt: 2230.18ms | tok/sec: 235,087 | mfu: 0.00 | epoch: 1 | total time: 5.21m
step 00197 (27.40%) | loss: 2.899340 | lrm: 1.00 | dt: 1901.49ms | tok/sec: 275,724 | mfu: 0.00 | epoch: 1 | total time: 5.24m
step 00198 (27.55%) | loss: 2.886850 | lrm: 1.00 | dt: 1740.85ms | tok/sec: 301,167 | mfu: 0.00 | epoch: 1 | total time: 5.27m
step 00199 (27.70%) | loss: 2.848854 | lrm: 1.00 | dt: 2238.68ms | tok/sec: 234,195 | mfu: 0.00 | epoch: 1 | total time: 5.30m
step 00200 (27.84%) | loss: 2.836457 | lrm: 1.00 | dt: 1879.83ms | tok/sec: 278,901 | mfu: 0.00 | epoch: 1 | total time: 5.34m
Step 00200 | Validation bpb: 0.8886
Final: 578/2376 (24.33%)
  ARC-Easy: 24.33%
Final: 274/1172 (23.38%)
  ARC-Challenge: 23.38%
Final: 3375/14042 (24.04%)
  MMLU: 24.04%
[KRank 0 | 0/24 (0.00%)
==================================================
Final: 0/24 (0.00%)
  GSM8K: 0.00%
[KRank 0 | 0/24 (0.00%)
==================================================
Final: 0/24 (0.00%)
  HumanEval: 0.00%
Step 00200 | ChatCORE: -0.0087 | ChatCORE_cat: -0.0145
step 00201 (28.00%) | loss: 2.846258 | lrm: 1.00 | dt: 1656.19ms | tok/sec: 316,562 | mfu: 0.00 | epoch: 1 | total time: 5.36m
step 00202 (28.14%) | loss: 2.797469 | lrm: 1.00 | dt: 1143.65ms | tok/sec: 458,435 | mfu: 0.00 | epoch: 1 | total time: 5.38m
step 00203 (28.27%) | loss: 2.809569 | lrm: 1.00 | dt: 1150.14ms | tok/sec: 455,845 | mfu: 0.00 | epoch: 1 | total time: 5.40m
step 00204 (28.41%) | loss: 2.824251 | lrm: 1.00 | dt: 1149.81ms | tok/sec: 455,976 | mfu: 0.00 | epoch: 1 | total time: 5.42m
step 00205 (28.54%) | loss: 2.829829 | lrm: 1.00 | dt: 1149.08ms | tok/sec: 456,269 | mfu: 0.00 | epoch: 1 | total time: 5.44m
step 00206 (28.67%) | loss: 2.809044 | lrm: 1.00 | dt: 1156.38ms | tok/sec: 453,387 | mfu: 0.00 | epoch: 1 | total time: 5.46m
step 00207 (28.81%) | loss: 2.810498 | lrm: 1.00 | dt: 1163.41ms | tok/sec: 450,648 | mfu: 0.00 | epoch: 1 | total time: 5.48m
step 00208 (28.95%) | loss: 2.816875 | lrm: 1.00 | dt: 1162.77ms | tok/sec: 450,895 | mfu: 0.00 | epoch: 1 | total time: 5.50m
step 00209 (29.09%) | loss: 2.834122 | lrm: 1.00 | dt: 1162.15ms | tok/sec: 451,137 | mfu: 0.00 | epoch: 1 | total time: 5.52m
step 00210 (29.24%) | loss: 2.843795 | lrm: 1.00 | dt: 1400.75ms | tok/sec: 374,290 | mfu: 0.00 | epoch: 1 | total time: 5.54m
step 00211 (29.39%) | loss: 2.824537 | lrm: 1.00 | dt: 1165.22ms | tok/sec: 449,945 | mfu: 0.00 | epoch: 1 | total time: 5.56m
step 00212 (29.52%) | loss: 2.818801 | lrm: 1.00 | dt: 1285.56ms | tok/sec: 407,828 | mfu: 0.00 | epoch: 1 | total time: 5.58m
step 00213 (29.66%) | loss: 2.810587 | lrm: 1.00 | dt: 1154.18ms | tok/sec: 454,251 | mfu: 0.00 | epoch: 1 | total time: 5.60m
step 00214 (29.79%) | loss: 2.798878 | lrm: 1.00 | dt: 1152.39ms | tok/sec: 454,957 | mfu: 0.00 | epoch: 1 | total time: 5.62m
step 00215 (29.93%) | loss: 2.776175 | lrm: 1.00 | dt: 1151.03ms | tok/sec: 455,496 | mfu: 0.00 | epoch: 1 | total time: 5.64m
step 00216 (30.07%) | loss: 2.755124 | lrm: 1.00 | dt: 1153.11ms | tok/sec: 454,673 | mfu: 0.00 | epoch: 1 | total time: 5.66m
step 00217 (30.20%) | loss: 2.804758 | lrm: 1.00 | dt: 1154.30ms | tok/sec: 454,204 | mfu: 0.00 | epoch: 1 | total time: 5.68m
step 00218 (30.33%) | loss: 2.800683 | lrm: 1.00 | dt: 1151.43ms | tok/sec: 455,336 | mfu: 0.00 | epoch: 1 | total time: 5.70m
step 00219 (30.47%) | loss: 2.797155 | lrm: 1.00 | dt: 1152.43ms | tok/sec: 454,941 | mfu: 0.00 | epoch: 1 | total time: 5.72m
step 00220 (30.60%) | loss: 2.784530 | lrm: 1.00 | dt: 1148.80ms | tok/sec: 456,377 | mfu: 0.00 | epoch: 1 | total time: 5.73m
step 00221 (30.74%) | loss: 2.844642 | lrm: 1.00 | dt: 1148.75ms | tok/sec: 456,398 | mfu: 0.00 | epoch: 1 | total time: 5.75m
step 00222 (30.88%) | loss: 2.809851 | lrm: 1.00 | dt: 1150.87ms | tok/sec: 455,557 | mfu: 0.00 | epoch: 1 | total time: 5.77m
step 00223 (31.03%) | loss: 2.825215 | lrm: 1.00 | dt: 1154.86ms | tok/sec: 453,983 | mfu: 0.00 | epoch: 1 | total time: 5.79m
step 00224 (31.18%) | loss: 2.804484 | lrm: 1.00 | dt: 1153.33ms | tok/sec: 454,584 | mfu: 0.00 | epoch: 1 | total time: 5.81m
step 00225 (31.31%) | loss: 2.807343 | lrm: 1.00 | dt: 1153.21ms | tok/sec: 454,633 | mfu: 0.00 | epoch: 1 | total time: 5.83m
step 00226 (31.45%) | loss: 2.791014 | lrm: 1.00 | dt: 1157.06ms | tok/sec: 453,120 | mfu: 0.00 | epoch: 1 | total time: 5.85m
step 00227 (31.60%) | loss: 2.803957 | lrm: 1.00 | dt: 1149.81ms | tok/sec: 455,979 | mfu: 0.00 | epoch: 1 | total time: 5.87m
step 00228 (31.74%) | loss: 2.837679 | lrm: 1.00 | dt: 1160.05ms | tok/sec: 451,951 | mfu: 0.00 | epoch: 1 | total time: 5.89m
step 00229 (31.89%) | loss: 2.835533 | lrm: 1.00 | dt: 1174.77ms | tok/sec: 446,288 | mfu: 0.00 | epoch: 1 | total time: 5.91m
step 00230 (32.02%) | loss: 2.835934 | lrm: 1.00 | dt: 1155.02ms | tok/sec: 453,920 | mfu: 0.00 | epoch: 1 | total time: 5.93m
step 00231 (32.16%) | loss: 2.881599 | lrm: 1.00 | dt: 1166.61ms | tok/sec: 449,412 | mfu: 0.00 | epoch: 1 | total time: 5.95m
step 00232 (32.31%) | loss: 2.860172 | lrm: 1.00 | dt: 1365.15ms | tok/sec: 384,050 | mfu: 0.00 | epoch: 1 | total time: 5.97m
step 00233 (32.44%) | loss: 2.880418 | lrm: 1.00 | dt: 1624.71ms | tok/sec: 322,696 | mfu: 0.00 | epoch: 1 | total time: 6.00m
step 00234 (32.58%) | loss: 2.834378 | lrm: 1.00 | dt: 1453.62ms | tok/sec: 360,678 | mfu: 0.00 | epoch: 1 | total time: 6.02m
step 00235 (32.73%) | loss: 2.829717 | lrm: 1.00 | dt: 1602.42ms | tok/sec: 327,184 | mfu: 0.00 | epoch: 1 | total time: 6.05m
step 00236 (32.87%) | loss: 2.815002 | lrm: 1.00 | dt: 1253.72ms | tok/sec: 418,185 | mfu: 0.00 | epoch: 1 | total time: 6.07m
step 00237 (33.00%) | loss: 2.823129 | lrm: 1.00 | dt: 1162.19ms | tok/sec: 451,120 | mfu: 0.00 | epoch: 1 | total time: 6.09m
step 00238 (33.14%) | loss: 2.841358 | lrm: 1.00 | dt: 1164.04ms | tok/sec: 450,405 | mfu: 0.00 | epoch: 1 | total time: 6.11m
step 00239 (33.27%) | loss: 2.860531 | lrm: 1.00 | dt: 1299.17ms | tok/sec: 403,557 | mfu: 0.00 | epoch: 1 | total time: 6.13m
step 00240 (33.41%) | loss: 2.906745 | lrm: 1.00 | dt: 1161.98ms | tok/sec: 451,200 | mfu: 0.00 | epoch: 1 | total time: 6.15m
step 00241 (33.55%) | loss: 2.909674 | lrm: 1.00 | dt: 1192.58ms | tok/sec: 439,625 | mfu: 0.00 | epoch: 1 | total time: 6.17m
step 00242 (33.70%) | loss: 2.876860 | lrm: 1.00 | dt: 1191.77ms | tok/sec: 439,925 | mfu: 0.00 | epoch: 1 | total time: 6.19m
step 00243 (33.84%) | loss: 2.857875 | lrm: 1.00 | dt: 1450.08ms | tok/sec: 361,557 | mfu: 0.00 | epoch: 1 | total time: 6.21m
step 00244 (33.97%) | loss: 2.853128 | lrm: 1.00 | dt: 1188.15ms | tok/sec: 441,265 | mfu: 0.00 | epoch: 1 | total time: 6.23m
step 00245 (34.11%) | loss: 2.864185 | lrm: 1.00 | dt: 1401.65ms | tok/sec: 374,050 | mfu: 0.00 | epoch: 1 | total time: 6.26m
step 00246 (34.24%) | loss: 2.893294 | lrm: 1.00 | dt: 1290.91ms | tok/sec: 406,137 | mfu: 0.00 | epoch: 1 | total time: 6.28m
step 00247 (34.39%) | loss: 2.885525 | lrm: 1.00 | dt: 1875.25ms | tok/sec: 279,582 | mfu: 0.00 | epoch: 1 | total time: 6.31m
step 00248 (34.54%) | loss: 2.880676 | lrm: 1.00 | dt: 1426.70ms | tok/sec: 367,481 | mfu: 0.00 | epoch: 1 | total time: 6.33m
step 00249 (34.68%) | loss: 2.880846 | lrm: 1.00 | dt: 1712.29ms | tok/sec: 306,191 | mfu: 0.00 | epoch: 1 | total time: 6.36m
step 00250 (34.82%) | loss: 2.858482 | lrm: 1.00 | dt: 1491.49ms | tok/sec: 351,519 | mfu: 0.00 | epoch: 1 | total time: 6.39m
step 00251 (34.95%) | loss: 2.854771 | lrm: 1.00 | dt: 1166.51ms | tok/sec: 449,448 | mfu: 0.00 | epoch: 1 | total time: 6.40m
step 00252 (35.08%) | loss: 2.864338 | lrm: 1.00 | dt: 1256.02ms | tok/sec: 417,418 | mfu: 0.00 | epoch: 1 | total time: 6.43m
step 00253 (35.22%) | loss: 2.842147 | lrm: 1.00 | dt: 1448.00ms | tok/sec: 362,076 | mfu: 0.00 | epoch: 1 | total time: 6.45m
step 00254 (35.36%) | loss: 2.855577 | lrm: 1.00 | dt: 1175.37ms | tok/sec: 446,063 | mfu: 0.00 | epoch: 1 | total time: 6.47m
step 00255 (35.49%) | loss: 2.857261 | lrm: 1.00 | dt: 1515.01ms | tok/sec: 346,061 | mfu: 0.00 | epoch: 1 | total time: 6.49m
step 00256 (35.64%) | loss: 2.853309 | lrm: 1.00 | dt: 1432.28ms | tok/sec: 366,050 | mfu: 0.00 | epoch: 1 | total time: 6.52m
step 00257 (35.79%) | loss: 2.885215 | lrm: 1.00 | dt: 1953.01ms | tok/sec: 268,450 | mfu: 0.00 | epoch: 1 | total time: 6.55m
step 00258 (35.93%) | loss: 2.906781 | lrm: 1.00 | dt: 2318.89ms | tok/sec: 226,094 | mfu: 0.00 | epoch: 1 | total time: 6.59m
step 00259 (36.07%) | loss: 2.858313 | lrm: 1.00 | dt: 1772.78ms | tok/sec: 295,744 | mfu: 0.00 | epoch: 1 | total time: 6.62m
step 00260 (36.21%) | loss: 2.843159 | lrm: 1.00 | dt: 1244.66ms | tok/sec: 421,231 | mfu: 0.00 | epoch: 1 | total time: 6.64m
step 00261 (36.37%) | loss: 2.861117 | lrm: 1.00 | dt: 1404.21ms | tok/sec: 373,368 | mfu: 0.00 | epoch: 1 | total time: 6.66m
step 00262 (36.50%) | loss: 2.858534 | lrm: 1.00 | dt: 1324.33ms | tok/sec: 395,888 | mfu: 0.00 | epoch: 1 | total time: 6.69m
step 00263 (36.65%) | loss: 2.864253 | lrm: 1.00 | dt: 1698.40ms | tok/sec: 308,695 | mfu: 0.00 | epoch: 1 | total time: 6.71m
step 00264 (36.78%) | loss: 2.857567 | lrm: 1.00 | dt: 1367.66ms | tok/sec: 383,345 | mfu: 0.00 | epoch: 1 | total time: 6.74m
step 00265 (36.92%) | loss: 2.851378 | lrm: 1.00 | dt: 1368.44ms | tok/sec: 383,129 | mfu: 0.00 | epoch: 1 | total time: 6.76m
step 00266 (37.07%) | loss: 2.832082 | lrm: 1.00 | dt: 1819.51ms | tok/sec: 288,148 | mfu: 0.00 | epoch: 1 | total time: 6.79m
step 00267 (37.21%) | loss: 2.798669 | lrm: 1.00 | dt: 1183.84ms | tok/sec: 442,872 | mfu: 0.00 | epoch: 1 | total time: 6.81m
step 00268 (37.36%) | loss: 2.798199 | lrm: 1.00 | dt: 1856.22ms | tok/sec: 282,449 | mfu: 0.00 | epoch: 1 | total time: 6.84m
step 00269 (37.50%) | loss: 2.782679 | lrm: 1.00 | dt: 1710.21ms | tok/sec: 306,562 | mfu: 0.00 | epoch: 1 | total time: 6.87m
step 00270 (37.65%) | loss: 2.766536 | lrm: 1.00 | dt: 1754.56ms | tok/sec: 298,813 | mfu: 0.00 | epoch: 1 | total time: 6.90m
step 00271 (37.79%) | loss: 2.745756 | lrm: 1.00 | dt: 1264.32ms | tok/sec: 414,680 | mfu: 0.00 | epoch: 1 | total time: 6.92m
step 00272 (37.94%) | loss: 2.699109 | lrm: 1.00 | dt: 1804.84ms | tok/sec: 290,489 | mfu: 0.00 | epoch: 1 | total time: 6.95m
step 00273 (38.08%) | loss: 2.690394 | lrm: 1.00 | dt: 1920.78ms | tok/sec: 272,955 | mfu: 0.00 | epoch: 1 | total time: 6.98m
step 00274 (38.23%) | loss: 2.703805 | lrm: 1.00 | dt: 1197.24ms | tok/sec: 437,913 | mfu: 0.00 | epoch: 1 | total time: 7.00m
step 00275 (38.37%) | loss: 2.710222 | lrm: 1.00 | dt: 1729.20ms | tok/sec: 303,196 | mfu: 0.00 | epoch: 1 | total time: 7.03m
step 00276 (38.49%) | loss: 2.694801 | lrm: 1.00 | dt: 1902.52ms | tok/sec: 275,575 | mfu: 0.00 | epoch: 1 | total time: 7.06m
step 00277 (38.63%) | loss: 2.703209 | lrm: 1.00 | dt: 1846.79ms | tok/sec: 283,892 | mfu: 0.00 | epoch: 1 | total time: 7.09m
step 00278 (38.78%) | loss: 2.707498 | lrm: 1.00 | dt: 1946.51ms | tok/sec: 269,348 | mfu: 0.00 | epoch: 1 | total time: 7.12m
step 00279 (38.92%) | loss: 2.703239 | lrm: 1.00 | dt: 1843.14ms | tok/sec: 284,454 | mfu: 0.00 | epoch: 1 | total time: 7.16m
step 00280 (39.05%) | loss: 2.694908 | lrm: 1.00 | dt: 1869.20ms | tok/sec: 280,487 | mfu: 0.00 | epoch: 1 | total time: 7.19m
step 00281 (39.19%) | loss: 2.706937 | lrm: 1.00 | dt: 1861.95ms | tok/sec: 281,580 | mfu: 0.00 | epoch: 1 | total time: 7.22m
step 00282 (39.34%) | loss: 2.708972 | lrm: 1.00 | dt: 1801.29ms | tok/sec: 291,061 | mfu: 0.00 | epoch: 1 | total time: 7.25m
step 00283 (39.49%) | loss: 2.719438 | lrm: 1.00 | dt: 1880.29ms | tok/sec: 278,833 | mfu: 0.00 | epoch: 1 | total time: 7.28m
step 00284 (39.62%) | loss: 2.713241 | lrm: 1.00 | dt: 1835.11ms | tok/sec: 285,698 | mfu: 0.00 | epoch: 1 | total time: 7.31m
step 00285 (39.76%) | loss: 2.690894 | lrm: 1.00 | dt: 1920.12ms | tok/sec: 273,049 | mfu: 0.00 | epoch: 1 | total time: 7.34m
step 00286 (39.89%) | loss: 2.701516 | lrm: 1.00 | dt: 1930.89ms | tok/sec: 271,526 | mfu: 0.00 | epoch: 1 | total time: 7.37m
step 00287 (40.02%) | loss: 2.681123 | lrm: 1.00 | dt: 1733.23ms | tok/sec: 302,492 | mfu: 0.00 | epoch: 1 | total time: 7.40m
step 00288 (40.17%) | loss: 2.696763 | lrm: 1.00 | dt: 1756.04ms | tok/sec: 298,563 | mfu: 0.00 | epoch: 1 | total time: 7.43m
step 00289 (40.31%) | loss: 2.717432 | lrm: 1.00 | dt: 1821.34ms | tok/sec: 287,859 | mfu: 0.00 | epoch: 1 | total time: 7.46m
step 00290 (40.45%) | loss: 2.743217 | lrm: 1.00 | dt: 1454.27ms | tok/sec: 360,517 | mfu: 0.00 | epoch: 1 | total time: 7.49m
step 00291 (40.59%) | loss: 2.734595 | lrm: 1.00 | dt: 1705.88ms | tok/sec: 307,342 | mfu: 0.00 | epoch: 1 | total time: 7.52m
step 00292 (40.73%) | loss: 2.742710 | lrm: 1.00 | dt: 1943.10ms | tok/sec: 269,820 | mfu: 0.00 | epoch: 1 | total time: 7.55m
step 00293 (40.87%) | loss: 2.735852 | lrm: 1.00 | dt: 1595.93ms | tok/sec: 328,516 | mfu: 0.00 | epoch: 1 | total time: 7.57m
step 00294 (41.02%) | loss: 2.716707 | lrm: 1.00 | dt: 1758.96ms | tok/sec: 298,067 | mfu: 0.00 | epoch: 1 | total time: 7.60m
step 00295 (41.17%) | loss: 2.717500 | lrm: 1.00 | dt: 1331.12ms | tok/sec: 393,870 | mfu: 0.00 | epoch: 1 | total time: 7.63m
step 00296 (41.29%) | loss: 2.716509 | lrm: 1.00 | dt: 1737.57ms | tok/sec: 301,735 | mfu: 0.00 | epoch: 1 | total time: 7.65m
step 00297 (41.42%) | loss: 2.711430 | lrm: 1.00 | dt: 1618.98ms | tok/sec: 323,838 | mfu: 0.00 | epoch: 1 | total time: 7.68m
step 00298 (41.56%) | loss: 2.763368 | lrm: 1.00 | dt: 1865.14ms | tok/sec: 281,098 | mfu: 0.00 | epoch: 1 | total time: 7.71m
step 00299 (41.69%) | loss: 2.775705 | lrm: 1.00 | dt: 1251.48ms | tok/sec: 418,934 | mfu: 0.00 | epoch: 1 | total time: 7.73m
step 00300 (41.83%) | loss: 2.788910 | lrm: 1.00 | dt: 1264.73ms | tok/sec: 414,546 | mfu: 0.00 | epoch: 1 | total time: 7.75m
step 00301 (41.98%) | loss: 2.787054 | lrm: 1.00 | dt: 1549.48ms | tok/sec: 338,363 | mfu: 0.00 | epoch: 1 | total time: 7.78m
step 00302 (42.11%) | loss: 2.821519 | lrm: 1.00 | dt: 1838.54ms | tok/sec: 285,164 | mfu: 0.00 | epoch: 1 | total time: 7.81m
step 00303 (42.24%) | loss: 2.819801 | lrm: 1.00 | dt: 1792.85ms | tok/sec: 292,432 | mfu: 0.00 | epoch: 1 | total time: 7.84m
step 00304 (42.38%) | loss: 2.821557 | lrm: 1.00 | dt: 1821.11ms | tok/sec: 287,894 | mfu: 0.00 | epoch: 1 | total time: 7.87m
step 00305 (42.52%) | loss: 2.773697 | lrm: 1.00 | dt: 1836.02ms | tok/sec: 285,557 | mfu: 0.00 | epoch: 1 | total time: 7.90m
step 00306 (42.65%) | loss: 2.800355 | lrm: 1.00 | dt: 1677.08ms | tok/sec: 312,619 | mfu: 0.00 | epoch: 1 | total time: 7.93m
step 00307 (42.81%) | loss: 2.795403 | lrm: 1.00 | dt: 1883.83ms | tok/sec: 278,309 | mfu: 0.00 | epoch: 1 | total time: 7.96m
step 00308 (42.94%) | loss: 2.795235 | lrm: 1.00 | dt: 1581.29ms | tok/sec: 331,556 | mfu: 0.00 | epoch: 1 | total time: 7.99m
step 00309 (43.09%) | loss: 2.790494 | lrm: 1.00 | dt: 1728.91ms | tok/sec: 303,248 | mfu: 0.00 | epoch: 1 | total time: 8.02m
step 00310 (43.24%) | loss: 2.743903 | lrm: 1.00 | dt: 2048.42ms | tok/sec: 255,947 | mfu: 0.00 | epoch: 1 | total time: 8.05m
step 00311 (43.39%) | loss: 2.733992 | lrm: 1.00 | dt: 1745.89ms | tok/sec: 300,297 | mfu: 0.00 | epoch: 1 | total time: 8.08m
step 00312 (43.52%) | loss: 2.745457 | lrm: 1.00 | dt: 1842.19ms | tok/sec: 284,600 | mfu: 0.00 | epoch: 1 | total time: 8.11m
step 00313 (43.66%) | loss: 2.721803 | lrm: 1.00 | dt: 1610.10ms | tok/sec: 325,623 | mfu: 0.00 | epoch: 1 | total time: 8.14m
step 00314 (43.80%) | loss: 2.729345 | lrm: 1.00 | dt: 1303.52ms | tok/sec: 402,208 | mfu: 0.00 | epoch: 1 | total time: 8.16m
step 00315 (43.93%) | loss: 2.720883 | lrm: 1.00 | dt: 1813.32ms | tok/sec: 289,131 | mfu: 0.00 | epoch: 1 | total time: 8.19m
step 00316 (44.08%) | loss: 2.717696 | lrm: 1.00 | dt: 1725.09ms | tok/sec: 303,919 | mfu: 0.00 | epoch: 1 | total time: 8.22m
step 00317 (44.21%) | loss: 2.707921 | lrm: 1.00 | dt: 1814.06ms | tok/sec: 289,013 | mfu: 0.00 | epoch: 1 | total time: 8.25m
step 00318 (44.35%) | loss: 2.701331 | lrm: 1.00 | dt: 1826.37ms | tok/sec: 287,064 | mfu: 0.00 | epoch: 1 | total time: 8.28m
step 00319 (44.49%) | loss: 2.710517 | lrm: 1.00 | dt: 1818.72ms | tok/sec: 288,272 | mfu: 0.00 | epoch: 1 | total time: 8.31m
step 00320 (44.63%) | loss: 2.737376 | lrm: 1.00 | dt: 1769.46ms | tok/sec: 296,298 | mfu: 0.00 | epoch: 1 | total time: 8.34m
step 00321 (44.77%) | loss: 2.750454 | lrm: 1.00 | dt: 1886.61ms | tok/sec: 277,900 | mfu: 0.00 | epoch: 1 | total time: 8.37m
step 00322 (44.90%) | loss: 2.743591 | lrm: 1.00 | dt: 1814.23ms | tok/sec: 288,985 | mfu: 0.00 | epoch: 1 | total time: 8.40m
step 00323 (45.05%) | loss: 2.709521 | lrm: 1.00 | dt: 1803.33ms | tok/sec: 290,732 | mfu: 0.00 | epoch: 1 | total time: 8.43m
step 00324 (45.20%) | loss: 2.687166 | lrm: 1.00 | dt: 1919.65ms | tok/sec: 273,115 | mfu: 0.00 | epoch: 1 | total time: 8.46m
step 00325 (45.33%) | loss: 2.701971 | lrm: 1.00 | dt: 1941.04ms | tok/sec: 270,107 | mfu: 0.00 | epoch: 1 | total time: 8.49m
step 00326 (45.48%) | loss: 2.690259 | lrm: 1.00 | dt: 2123.92ms | tok/sec: 246,849 | mfu: 0.00 | epoch: 1 | total time: 8.53m
step 00327 (45.62%) | loss: 2.692880 | lrm: 1.00 | dt: 1608.77ms | tok/sec: 325,893 | mfu: 0.00 | epoch: 1 | total time: 8.56m
step 00328 (45.75%) | loss: 2.729880 | lrm: 1.00 | dt: 2208.87ms | tok/sec: 237,356 | mfu: 0.00 | epoch: 1 | total time: 8.59m
step 00329 (45.89%) | loss: 2.736208 | lrm: 1.00 | dt: 1611.26ms | tok/sec: 325,390 | mfu: 0.00 | epoch: 1 | total time: 8.62m
step 00330 (46.04%) | loss: 2.782948 | lrm: 1.00 | dt: 2041.78ms | tok/sec: 256,780 | mfu: 0.00 | epoch: 1 | total time: 8.65m
step 00331 (46.18%) | loss: 2.774451 | lrm: 1.00 | dt: 1976.97ms | tok/sec: 265,197 | mfu: 0.00 | epoch: 1 | total time: 8.69m
step 00332 (46.32%) | loss: 2.757758 | lrm: 1.00 | dt: 1984.88ms | tok/sec: 264,140 | mfu: 0.00 | epoch: 1 | total time: 8.72m
step 00333 (46.47%) | loss: 2.733358 | lrm: 1.00 | dt: 1619.82ms | tok/sec: 323,670 | mfu: 0.00 | epoch: 1 | total time: 8.75m
step 00334 (46.62%) | loss: 2.718845 | lrm: 1.00 | dt: 1883.26ms | tok/sec: 278,394 | mfu: 0.00 | epoch: 1 | total time: 8.78m
step 00335 (46.75%) | loss: 2.680200 | lrm: 1.00 | dt: 1521.12ms | tok/sec: 344,672 | mfu: 0.00 | epoch: 1 | total time: 8.80m
step 00336 (46.88%) | loss: 2.659671 | lrm: 1.00 | dt: 1816.79ms | tok/sec: 288,579 | mfu: 0.00 | epoch: 1 | total time: 8.83m
step 00337 (47.00%) | loss: 2.672552 | lrm: 1.00 | dt: 1678.00ms | tok/sec: 312,447 | mfu: 0.00 | epoch: 1 | total time: 8.86m
step 00338 (47.13%) | loss: 2.694017 | lrm: 1.00 | dt: 1818.85ms | tok/sec: 288,252 | mfu: 0.00 | epoch: 1 | total time: 8.89m
step 00339 (47.27%) | loss: 2.719491 | lrm: 1.00 | dt: 1773.97ms | tok/sec: 295,544 | mfu: 0.00 | epoch: 1 | total time: 8.92m
step 00340 (47.41%) | loss: 2.708900 | lrm: 1.00 | dt: 1427.25ms | tok/sec: 367,341 | mfu: 0.00 | epoch: 1 | total time: 8.95m
step 00341 (47.55%) | loss: 2.718107 | lrm: 1.00 | dt: 1843.21ms | tok/sec: 284,442 | mfu: 0.00 | epoch: 1 | total time: 8.98m
step 00342 (47.68%) | loss: 2.730041 | lrm: 1.00 | dt: 1709.89ms | tok/sec: 306,620 | mfu: 0.00 | epoch: 1 | total time: 9.01m
step 00343 (47.83%) | loss: 2.712385 | lrm: 1.00 | dt: 1888.91ms | tok/sec: 277,561 | mfu: 0.00 | epoch: 1 | total time: 9.04m
step 00344 (47.96%) | loss: 2.710260 | lrm: 1.00 | dt: 1894.18ms | tok/sec: 276,789 | mfu: 0.00 | epoch: 1 | total time: 9.07m
step 00345 (48.09%) | loss: 2.712310 | lrm: 1.00 | dt: 1884.92ms | tok/sec: 278,148 | mfu: 0.00 | epoch: 1 | total time: 9.10m
step 00346 (48.23%) | loss: 2.692315 | lrm: 1.00 | dt: 1914.20ms | tok/sec: 273,894 | mfu: 0.00 | epoch: 1 | total time: 9.13m
step 00347 (48.37%) | loss: 2.688066 | lrm: 1.00 | dt: 1822.73ms | tok/sec: 287,639 | mfu: 0.00 | epoch: 1 | total time: 9.16m
step 00348 (48.52%) | loss: 2.663502 | lrm: 1.00 | dt: 1501.89ms | tok/sec: 349,084 | mfu: 0.00 | epoch: 1 | total time: 9.19m
step 00349 (48.66%) | loss: 2.667729 | lrm: 1.00 | dt: 1743.23ms | tok/sec: 300,756 | mfu: 0.00 | epoch: 1 | total time: 9.22m
step 00350 (48.79%) | loss: 2.677187 | lrm: 1.00 | dt: 1774.80ms | tok/sec: 295,407 | mfu: 0.00 | epoch: 1 | total time: 9.25m
step 00351 (48.93%) | loss: 2.643555 | lrm: 1.00 | dt: 1859.39ms | tok/sec: 281,968 | mfu: 0.00 | epoch: 1 | total time: 9.28m
step 00352 (49.07%) | loss: 2.654561 | lrm: 1.00 | dt: 1689.34ms | tok/sec: 310,350 | mfu: 0.00 | epoch: 1 | total time: 9.30m
step 00353 (49.20%) | loss: 2.661901 | lrm: 1.00 | dt: 1574.28ms | tok/sec: 333,034 | mfu: 0.00 | epoch: 1 | total time: 9.33m
step 00354 (49.35%) | loss: 2.650726 | lrm: 1.00 | dt: 1439.61ms | tok/sec: 364,187 | mfu: 0.00 | epoch: 1 | total time: 9.36m
step 00355 (49.49%) | loss: 2.652834 | lrm: 1.00 | dt: 1888.22ms | tok/sec: 277,662 | mfu: 0.00 | epoch: 1 | total time: 9.39m
step 00356 (49.64%) | loss: 2.682130 | lrm: 1.00 | dt: 2169.04ms | tok/sec: 241,714 | mfu: 0.00 | epoch: 1 | total time: 9.42m
step 00357 (49.77%) | loss: 2.691671 | lrm: 1.00 | dt: 1769.31ms | tok/sec: 296,323 | mfu: 0.00 | epoch: 1 | total time: 9.45m
step 00358 (49.92%) | loss: 2.709507 | lrm: 1.00 | dt: 1864.73ms | tok/sec: 281,159 | mfu: 0.00 | epoch: 1 | total time: 9.48m
step 00359 (50.07%) | loss: 2.694740 | lrm: 1.00 | dt: 1941.53ms | tok/sec: 270,038 | mfu: 0.00 | epoch: 1 | total time: 9.52m
step 00360 (50.21%) | loss: 2.730226 | lrm: 1.00 | dt: 2024.37ms | tok/sec: 258,988 | mfu: 0.00 | epoch: 1 | total time: 9.55m
step 00361 (50.35%) | loss: 2.702674 | lrm: 0.99 | dt: 2198.55ms | tok/sec: 238,470 | mfu: 0.00 | epoch: 1 | total time: 9.59m
step 00362 (50.48%) | loss: 2.696574 | lrm: 0.99 | dt: 1965.00ms | tok/sec: 266,813 | mfu: 0.00 | epoch: 1 | total time: 9.62m
step 00363 (50.63%) | loss: 2.714738 | lrm: 0.99 | dt: 2190.65ms | tok/sec: 239,330 | mfu: 0.00 | epoch: 1 | total time: 9.66m
step 00364 (50.75%) | loss: 2.741357 | lrm: 0.98 | dt: 1734.32ms | tok/sec: 302,301 | mfu: 0.00 | epoch: 1 | total time: 9.68m
step 00365 (50.89%) | loss: 2.730065 | lrm: 0.98 | dt: 1817.13ms | tok/sec: 288,525 | mfu: 0.00 | epoch: 1 | total time: 9.71m
step 00366 (51.03%) | loss: 2.724669 | lrm: 0.98 | dt: 1923.23ms | tok/sec: 272,607 | mfu: 0.00 | epoch: 1 | total time: 9.75m
step 00367 (51.16%) | loss: 2.721788 | lrm: 0.98 | dt: 1805.04ms | tok/sec: 290,457 | mfu: 0.00 | epoch: 1 | total time: 9.78m
step 00368 (51.30%) | loss: 2.717166 | lrm: 0.97 | dt: 1875.00ms | tok/sec: 279,620 | mfu: 0.00 | epoch: 1 | total time: 9.81m
step 00369 (51.44%) | loss: 2.695841 | lrm: 0.97 | dt: 1795.17ms | tok/sec: 292,054 | mfu: 0.00 | epoch: 1 | total time: 9.84m
step 00370 (51.58%) | loss: 2.700424 | lrm: 0.97 | dt: 1742.21ms | tok/sec: 300,932 | mfu: 0.00 | epoch: 1 | total time: 9.87m
step 00371 (51.71%) | loss: 2.726093 | lrm: 0.97 | dt: 1803.08ms | tok/sec: 290,773 | mfu: 0.00 | epoch: 1 | total time: 9.90m
step 00372 (51.85%) | loss: 2.697341 | lrm: 0.96 | dt: 1627.40ms | tok/sec: 322,163 | mfu: 0.00 | epoch: 1 | total time: 9.92m
step 00373 (51.99%) | loss: 2.715288 | lrm: 0.96 | dt: 1758.70ms | tok/sec: 298,111 | mfu: 0.00 | epoch: 1 | total time: 9.95m
step 00374 (52.13%) | loss: 2.683974 | lrm: 0.96 | dt: 1844.49ms | tok/sec: 284,245 | mfu: 0.00 | epoch: 1 | total time: 9.98m
step 00375 (52.26%) | loss: 2.714562 | lrm: 0.95 | dt: 1561.43ms | tok/sec: 335,774 | mfu: 0.00 | epoch: 1 | total time: 10.01m
step 00376 (52.40%) | loss: 2.712219 | lrm: 0.95 | dt: 1752.69ms | tok/sec: 299,133 | mfu: 0.00 | epoch: 1 | total time: 10.04m
step 00377 (52.54%) | loss: 2.704761 | lrm: 0.95 | dt: 1455.98ms | tok/sec: 360,092 | mfu: 0.00 | epoch: 1 | total time: 10.06m
step 00378 (52.69%) | loss: 2.687780 | lrm: 0.95 | dt: 1719.40ms | tok/sec: 304,925 | mfu: 0.00 | epoch: 1 | total time: 10.09m
step 00379 (52.82%) | loss: 2.682465 | lrm: 0.94 | dt: 1771.52ms | tok/sec: 295,953 | mfu: 0.00 | epoch: 1 | total time: 10.12m
step 00380 (52.96%) | loss: 2.733076 | lrm: 0.94 | dt: 1696.97ms | tok/sec: 308,954 | mfu: 0.00 | epoch: 1 | total time: 10.15m
step 00381 (53.10%) | loss: 2.702652 | lrm: 0.94 | dt: 1764.21ms | tok/sec: 297,180 | mfu: 0.00 | epoch: 1 | total time: 10.18m
step 00382 (53.23%) | loss: 2.683290 | lrm: 0.94 | dt: 1949.57ms | tok/sec: 268,924 | mfu: 0.00 | epoch: 1 | total time: 10.21m
step 00383 (53.37%) | loss: 2.687143 | lrm: 0.93 | dt: 1805.84ms | tok/sec: 290,329 | mfu: 0.00 | epoch: 1 | total time: 10.24m
step 00384 (53.52%) | loss: 2.691890 | lrm: 0.93 | dt: 2066.42ms | tok/sec: 253,718 | mfu: 0.00 | epoch: 1 | total time: 10.28m
step 00385 (53.67%) | loss: 2.641162 | lrm: 0.93 | dt: 1763.33ms | tok/sec: 297,328 | mfu: 0.00 | epoch: 1 | total time: 10.31m
step 00386 (53.80%) | loss: 2.662600 | lrm: 0.92 | dt: 1368.10ms | tok/sec: 383,223 | mfu: 0.00 | epoch: 1 | total time: 10.33m
step 00387 (53.95%) | loss: 2.687831 | lrm: 0.92 | dt: 1947.93ms | tok/sec: 269,151 | mfu: 0.00 | epoch: 1 | total time: 10.36m
step 00388 (54.09%) | loss: 2.688220 | lrm: 0.92 | dt: 1785.39ms | tok/sec: 293,654 | mfu: 0.00 | epoch: 1 | total time: 10.39m
step 00389 (54.23%) | loss: 2.716616 | lrm: 0.92 | dt: 1810.87ms | tok/sec: 289,522 | mfu: 0.00 | epoch: 1 | total time: 10.42m
step 00390 (54.37%) | loss: 2.701004 | lrm: 0.91 | dt: 2229.21ms | tok/sec: 235,189 | mfu: 0.00 | epoch: 1 | total time: 10.46m
step 00391 (54.51%) | loss: 2.686051 | lrm: 0.91 | dt: 2088.80ms | tok/sec: 250,999 | mfu: 0.00 | epoch: 1 | total time: 10.49m
step 00392 (54.65%) | loss: 2.708456 | lrm: 0.91 | dt: 1876.60ms | tok/sec: 279,381 | mfu: 0.00 | epoch: 1 | total time: 10.52m
step 00393 (54.79%) | loss: 2.677194 | lrm: 0.90 | dt: 1765.70ms | tok/sec: 296,929 | mfu: 0.00 | epoch: 1 | total time: 10.55m
step 00394 (54.91%) | loss: 2.670964 | lrm: 0.90 | dt: 2062.25ms | tok/sec: 254,230 | mfu: 0.00 | epoch: 1 | total time: 10.59m
step 00395 (55.07%) | loss: 2.654089 | lrm: 0.90 | dt: 1797.90ms | tok/sec: 291,611 | mfu: 0.00 | epoch: 1 | total time: 10.62m
step 00396 (55.21%) | loss: 2.640345 | lrm: 0.90 | dt: 1775.63ms | tok/sec: 295,269 | mfu: 0.00 | epoch: 1 | total time: 10.65m
step 00397 (55.37%) | loss: 2.647817 | lrm: 0.89 | dt: 1941.23ms | tok/sec: 270,079 | mfu: 0.00 | epoch: 1 | total time: 10.68m
step 00398 (55.52%) | loss: 2.648436 | lrm: 0.89 | dt: 2063.05ms | tok/sec: 254,132 | mfu: 0.00 | epoch: 1 | total time: 10.71m
step 00399 (55.66%) | loss: 2.650788 | lrm: 0.89 | dt: 2025.31ms | tok/sec: 258,868 | mfu: 0.00 | epoch: 1 | total time: 10.75m
step 00400 (55.79%) | loss: 2.633352 | lrm: 0.88 | dt: 2011.09ms | tok/sec: 260,698 | mfu: 0.00 | epoch: 1 | total time: 10.78m
Step 00400 | Validation bpb: 0.8238
Final: 593/2376 (24.96%)
  ARC-Easy: 24.96%
Final: 267/1172 (22.78%)
  ARC-Challenge: 22.78%
Final: 3230/14042 (23.00%)
  MMLU: 23.00%
[KRank 0 | 0/24 (0.00%)
==================================================
Final: 0/24 (0.00%)
  GSM8K: 0.00%
[KRank 0 | 0/24 (0.00%)
==================================================
Final: 0/24 (0.00%)
  HumanEval: 0.00%
Step 00400 | ChatCORE: -0.0114 | ChatCORE_cat: -0.0189
step 00401 (55.93%) | loss: 2.632921 | lrm: 0.88 | dt: 1664.13ms | tok/sec: 315,052 | mfu: 0.00 | epoch: 1 | total time: 10.81m
step 00402 (56.07%) | loss: 2.655416 | lrm: 0.88 | dt: 1149.24ms | tok/sec: 456,203 | mfu: 0.00 | epoch: 1 | total time: 10.83m
step 00403 (56.21%) | loss: 2.627372 | lrm: 0.88 | dt: 1150.00ms | tok/sec: 455,903 | mfu: 0.00 | epoch: 1 | total time: 10.85m
step 00404 (56.35%) | loss: 2.632215 | lrm: 0.87 | dt: 1149.67ms | tok/sec: 456,033 | mfu: 0.00 | epoch: 1 | total time: 10.87m
step 00405 (56.49%) | loss: 2.649923 | lrm: 0.87 | dt: 1150.79ms | tok/sec: 455,589 | mfu: 0.00 | epoch: 1 | total time: 10.89m
step 00406 (56.63%) | loss: 2.657117 | lrm: 0.87 | dt: 1150.39ms | tok/sec: 455,748 | mfu: 0.00 | epoch: 1 | total time: 10.91m
step 00407 (56.77%) | loss: 2.661327 | lrm: 0.86 | dt: 1151.19ms | tok/sec: 455,432 | mfu: 0.00 | epoch: 1 | total time: 10.92m
step 00408 (56.90%) | loss: 2.658986 | lrm: 0.86 | dt: 1157.65ms | tok/sec: 452,891 | mfu: 0.00 | epoch: 1 | total time: 10.94m
step 00409 (57.04%) | loss: 2.638673 | lrm: 0.86 | dt: 1152.99ms | tok/sec: 454,719 | mfu: 0.00 | epoch: 1 | total time: 10.96m
step 00410 (57.16%) | loss: 2.658042 | lrm: 0.86 | dt: 1145.74ms | tok/sec: 457,596 | mfu: 0.00 | epoch: 1 | total time: 10.98m
step 00411 (57.30%) | loss: 2.647225 | lrm: 0.85 | dt: 1147.05ms | tok/sec: 457,073 | mfu: 0.00 | epoch: 1 | total time: 11.00m
step 00412 (57.44%) | loss: 2.612304 | lrm: 0.85 | dt: 1147.40ms | tok/sec: 456,935 | mfu: 0.00 | epoch: 1 | total time: 11.02m
step 00413 (57.59%) | loss: 2.644868 | lrm: 0.85 | dt: 1152.51ms | tok/sec: 454,910 | mfu: 0.00 | epoch: 1 | total time: 11.04m
step 00414 (57.73%) | loss: 2.612723 | lrm: 0.85 | dt: 1150.82ms | tok/sec: 455,577 | mfu: 0.00 | epoch: 1 | total time: 11.06m
step 00415 (57.87%) | loss: 2.618280 | lrm: 0.84 | dt: 1153.40ms | tok/sec: 454,558 | mfu: 0.00 | epoch: 1 | total time: 11.08m
step 00416 (58.02%) | loss: 2.641245 | lrm: 0.84 | dt: 1149.09ms | tok/sec: 456,263 | mfu: 0.00 | epoch: 1 | total time: 11.10m
step 00417 (58.15%) | loss: 2.628669 | lrm: 0.84 | dt: 1149.22ms | tok/sec: 456,210 | mfu: 0.00 | epoch: 1 | total time: 11.12m
step 00418 (58.29%) | loss: 2.637088 | lrm: 0.83 | dt: 1152.35ms | tok/sec: 454,972 | mfu: 0.00 | epoch: 1 | total time: 11.14m
step 00419 (58.43%) | loss: 2.632391 | lrm: 0.83 | dt: 1150.68ms | tok/sec: 455,633 | mfu: 0.00 | epoch: 1 | total time: 11.15m
step 00420 (58.59%) | loss: 2.632986 | lrm: 0.83 | dt: 1149.41ms | tok/sec: 456,135 | mfu: 0.00 | epoch: 1 | total time: 11.17m
step 00421 (58.72%) | loss: 2.645715 | lrm: 0.83 | dt: 1152.67ms | tok/sec: 454,845 | mfu: 0.00 | epoch: 1 | total time: 11.19m
step 00422 (58.86%) | loss: 2.600607 | lrm: 0.82 | dt: 1156.52ms | tok/sec: 453,334 | mfu: 0.00 | epoch: 1 | total time: 11.21m
step 00423 (59.00%) | loss: 2.662358 | lrm: 0.82 | dt: 1153.83ms | tok/sec: 454,387 | mfu: 0.00 | epoch: 1 | total time: 11.23m
step 00424 (59.15%) | loss: 2.649081 | lrm: 0.82 | dt: 1153.61ms | tok/sec: 454,475 | mfu: 0.00 | epoch: 1 | total time: 11.25m
step 00425 (59.29%) | loss: 2.645252 | lrm: 0.81 | dt: 1158.30ms | tok/sec: 452,636 | mfu: 0.00 | epoch: 1 | total time: 11.27m
step 00426 (59.43%) | loss: 2.632070 | lrm: 0.81 | dt: 1151.47ms | tok/sec: 455,320 | mfu: 0.00 | epoch: 1 | total time: 11.29m
step 00427 (59.56%) | loss: 2.629916 | lrm: 0.81 | dt: 1170.87ms | tok/sec: 447,777 | mfu: 0.00 | epoch: 1 | total time: 11.31m
step 00428 (59.69%) | loss: 2.615431 | lrm: 0.81 | dt: 1171.95ms | tok/sec: 447,363 | mfu: 0.00 | epoch: 1 | total time: 11.33m
step 00429 (59.83%) | loss: 2.614553 | lrm: 0.80 | dt: 1173.53ms | tok/sec: 446,763 | mfu: 0.00 | epoch: 1 | total time: 11.35m
step 00430 (59.97%) | loss: 2.586042 | lrm: 0.80 | dt: 1181.57ms | tok/sec: 443,719 | mfu: 0.00 | epoch: 1 | total time: 11.37m
step 00431 (60.12%) | loss: 2.612556 | lrm: 0.80 | dt: 1441.50ms | tok/sec: 363,709 | mfu: 0.00 | epoch: 1 | total time: 11.39m
step 00432 (60.25%) | loss: 2.632359 | lrm: 0.80 | dt: 1180.88ms | tok/sec: 443,981 | mfu: 0.00 | epoch: 1 | total time: 11.41m
step 00433 (60.37%) | loss: 2.617762 | lrm: 0.79 | dt: 1165.92ms | tok/sec: 449,676 | mfu: 0.00 | epoch: 1 | total time: 11.43m
step 00434 (60.51%) | loss: 2.602856 | lrm: 0.79 | dt: 1161.88ms | tok/sec: 451,242 | mfu: 0.00 | epoch: 1 | total time: 11.45m
step 00435 (60.65%) | loss: 2.591037 | lrm: 0.79 | dt: 1161.72ms | tok/sec: 451,303 | mfu: 0.00 | epoch: 1 | total time: 11.47m
step 00436 (60.80%) | loss: 2.595453 | lrm: 0.78 | dt: 1166.59ms | tok/sec: 449,417 | mfu: 0.00 | epoch: 1 | total time: 11.49m
step 00437 (60.93%) | loss: 2.625311 | lrm: 0.78 | dt: 1600.23ms | tok/sec: 327,633 | mfu: 0.00 | epoch: 1 | total time: 11.52m
step 00438 (61.07%) | loss: 2.617094 | lrm: 0.78 | dt: 1217.59ms | tok/sec: 430,596 | mfu: 0.00 | epoch: 1 | total time: 11.54m
step 00439 (61.22%) | loss: 2.598619 | lrm: 0.78 | dt: 1407.70ms | tok/sec: 372,443 | mfu: 0.00 | epoch: 1 | total time: 11.56m
step 00440 (61.35%) | loss: 2.587820 | lrm: 0.77 | dt: 1338.18ms | tok/sec: 391,791 | mfu: 0.00 | epoch: 1 | total time: 11.58m
step 00441 (61.49%) | loss: 2.592739 | lrm: 0.77 | dt: 1184.07ms | tok/sec: 442,784 | mfu: 0.00 | epoch: 1 | total time: 11.60m
step 00442 (61.63%) | loss: 2.574033 | lrm: 0.77 | dt: 1261.39ms | tok/sec: 415,643 | mfu: 0.00 | epoch: 1 | total time: 11.62m
step 00443 (61.76%) | loss: 2.561092 | lrm: 0.76 | dt: 1173.79ms | tok/sec: 446,662 | mfu: 0.00 | epoch: 1 | total time: 11.64m
step 00444 (61.90%) | loss: 2.578593 | lrm: 0.76 | dt: 1617.22ms | tok/sec: 324,190 | mfu: 0.00 | epoch: 1 | total time: 11.67m
step 00445 (62.06%) | loss: 2.592420 | lrm: 0.76 | dt: 1352.66ms | tok/sec: 387,597 | mfu: 0.00 | epoch: 1 | total time: 11.69m
step 00446 (62.21%) | loss: 2.600697 | lrm: 0.76 | dt: 1438.18ms | tok/sec: 364,549 | mfu: 0.00 | epoch: 1 | total time: 11.72m
step 00447 (62.33%) | loss: 2.582920 | lrm: 0.75 | dt: 1782.86ms | tok/sec: 294,071 | mfu: 0.00 | epoch: 1 | total time: 11.74m
step 00448 (62.46%) | loss: 2.568224 | lrm: 0.75 | dt: 2006.55ms | tok/sec: 261,288 | mfu: 0.00 | epoch: 1 | total time: 11.78m
step 00449 (62.60%) | loss: 2.579494 | lrm: 0.75 | dt: 1805.58ms | tok/sec: 290,370 | mfu: 0.00 | epoch: 1 | total time: 11.81m
step 00450 (62.74%) | loss: 2.610106 | lrm: 0.75 | dt: 1869.09ms | tok/sec: 280,504 | mfu: 0.00 | epoch: 1 | total time: 11.84m
step 00451 (62.87%) | loss: 2.599592 | lrm: 0.74 | dt: 1405.81ms | tok/sec: 372,944 | mfu: 0.00 | epoch: 1 | total time: 11.86m
step 00452 (63.01%) | loss: 2.578674 | lrm: 0.74 | dt: 2095.71ms | tok/sec: 250,171 | mfu: 0.00 | epoch: 1 | total time: 11.90m
step 00453 (63.15%) | loss: 2.596867 | lrm: 0.74 | dt: 1737.82ms | tok/sec: 301,692 | mfu: 0.00 | epoch: 1 | total time: 11.93m
step 00454 (63.29%) | loss: 2.595774 | lrm: 0.73 | dt: 1684.93ms | tok/sec: 311,163 | mfu: 0.00 | epoch: 1 | total time: 11.96m
step 00455 (63.45%) | loss: 2.601995 | lrm: 0.73 | dt: 1549.98ms | tok/sec: 338,254 | mfu: 0.00 | epoch: 1 | total time: 11.98m
step 00456 (63.59%) | loss: 2.606653 | lrm: 0.73 | dt: 1586.98ms | tok/sec: 330,368 | mfu: 0.00 | epoch: 1 | total time: 12.01m
step 00457 (63.73%) | loss: 2.612995 | lrm: 0.73 | dt: 2000.87ms | tok/sec: 262,030 | mfu: 0.00 | epoch: 1 | total time: 12.04m
step 00458 (63.88%) | loss: 2.606012 | lrm: 0.72 | dt: 1687.59ms | tok/sec: 310,672 | mfu: 0.00 | epoch: 1 | total time: 12.07m
step 00459 (64.01%) | loss: 2.614193 | lrm: 0.72 | dt: 1770.39ms | tok/sec: 296,142 | mfu: 0.00 | epoch: 1 | total time: 12.10m
step 00460 (64.16%) | loss: 2.614497 | lrm: 0.72 | dt: 1693.28ms | tok/sec: 309,627 | mfu: 0.00 | epoch: 1 | total time: 12.13m
step 00461 (64.29%) | loss: 2.623463 | lrm: 0.71 | dt: 1834.07ms | tok/sec: 285,860 | mfu: 0.00 | epoch: 1 | total time: 12.16m
step 00462 (64.43%) | loss: 2.611397 | lrm: 0.71 | dt: 1821.76ms | tok/sec: 287,792 | mfu: 0.00 | epoch: 1 | total time: 12.19m
step 00463 (64.58%) | loss: 2.597036 | lrm: 0.71 | dt: 1957.70ms | tok/sec: 267,808 | mfu: 0.00 | epoch: 1 | total time: 12.22m
step 00464 (64.72%) | loss: 2.601821 | lrm: 0.71 | dt: 1817.95ms | tok/sec: 288,395 | mfu: 0.00 | epoch: 1 | total time: 12.25m
step 00465 (64.86%) | loss: 2.587812 | lrm: 0.70 | dt: 1950.98ms | tok/sec: 268,730 | mfu: 0.00 | epoch: 1 | total time: 12.28m
step 00466 (64.99%) | loss: 2.608724 | lrm: 0.70 | dt: 1796.21ms | tok/sec: 291,885 | mfu: 0.00 | epoch: 1 | total time: 12.31m
step 00467 (65.14%) | loss: 2.597200 | lrm: 0.70 | dt: 1707.74ms | tok/sec: 307,007 | mfu: 0.00 | epoch: 1 | total time: 12.34m
step 00468 (65.28%) | loss: 2.538525 | lrm: 0.69 | dt: 1742.86ms | tok/sec: 300,819 | mfu: 0.00 | epoch: 1 | total time: 12.37m
step 00469 (65.43%) | loss: 2.545273 | lrm: 0.69 | dt: 1872.59ms | tok/sec: 279,980 | mfu: 0.00 | epoch: 1 | total time: 12.40m
step 00470 (65.56%) | loss: 2.504720 | lrm: 0.69 | dt: 1693.43ms | tok/sec: 309,600 | mfu: 0.00 | epoch: 1 | total time: 12.43m
step 00471 (65.71%) | loss: 2.501108 | lrm: 0.69 | dt: 1666.86ms | tok/sec: 314,536 | mfu: 0.00 | epoch: 1 | total time: 12.46m
step 00472 (65.85%) | loss: 2.536271 | lrm: 0.68 | dt: 1768.65ms | tok/sec: 296,434 | mfu: 0.00 | epoch: 1 | total time: 12.49m
step 00473 (65.99%) | loss: 2.569567 | lrm: 0.68 | dt: 1545.00ms | tok/sec: 339,344 | mfu: 0.00 | epoch: 1 | total time: 12.51m
step 00474 (66.12%) | loss: 2.563803 | lrm: 0.68 | dt: 1176.07ms | tok/sec: 445,796 | mfu: 0.00 | epoch: 1 | total time: 12.53m
step 00475 (66.26%) | loss: 2.537666 | lrm: 0.67 | dt: 1572.72ms | tok/sec: 333,364 | mfu: 0.00 | epoch: 1 | total time: 12.56m
step 00476 (66.39%) | loss: 2.548774 | lrm: 0.67 | dt: 1329.30ms | tok/sec: 394,407 | mfu: 0.00 | epoch: 1 | total time: 12.58m
step 00477 (66.53%) | loss: 2.542491 | lrm: 0.67 | dt: 1717.48ms | tok/sec: 305,265 | mfu: 0.00 | epoch: 1 | total time: 12.61m
step 00478 (66.68%) | loss: 2.564526 | lrm: 0.67 | dt: 1625.72ms | tok/sec: 322,495 | mfu: 0.00 | epoch: 1 | total time: 12.64m
step 00479 (66.81%) | loss: 2.576781 | lrm: 0.66 | dt: 1723.73ms | tok/sec: 304,158 | mfu: 0.00 | epoch: 1 | total time: 12.67m
step 00480 (66.95%) | loss: 2.565586 | lrm: 0.66 | dt: 1565.38ms | tok/sec: 334,927 | mfu: 0.00 | epoch: 1 | total time: 12.69m
step 00481 (67.07%) | loss: 2.575536 | lrm: 0.66 | dt: 1556.04ms | tok/sec: 336,937 | mfu: 0.00 | epoch: 1 | total time: 12.72m
step 00482 (67.21%) | loss: 2.588893 | lrm: 0.66 | dt: 1753.87ms | tok/sec: 298,931 | mfu: 0.00 | epoch: 1 | total time: 12.75m
step 00483 (67.35%) | loss: 2.591049 | lrm: 0.65 | dt: 1351.93ms | tok/sec: 387,807 | mfu: 0.00 | epoch: 1 | total time: 12.77m
step 00484 (67.49%) | loss: 2.584211 | lrm: 0.65 | dt: 1992.45ms | tok/sec: 263,137 | mfu: 0.00 | epoch: 1 | total time: 12.80m
step 00485 (67.63%) | loss: 2.585171 | lrm: 0.65 | dt: 1823.36ms | tok/sec: 287,539 | mfu: 0.00 | epoch: 1 | total time: 12.83m
step 00486 (67.78%) | loss: 2.611807 | lrm: 0.64 | dt: 1847.01ms | tok/sec: 283,857 | mfu: 0.00 | epoch: 1 | total time: 12.86m
step 00487 (67.92%) | loss: 2.617539 | lrm: 0.64 | dt: 1822.43ms | tok/sec: 287,686 | mfu: 0.00 | epoch: 1 | total time: 12.89m
step 00488 (68.05%) | loss: 2.613072 | lrm: 0.64 | dt: 1239.89ms | tok/sec: 422,851 | mfu: 0.00 | epoch: 1 | total time: 12.91m
step 00489 (68.19%) | loss: 2.596755 | lrm: 0.64 | dt: 1710.17ms | tok/sec: 306,570 | mfu: 0.00 | epoch: 1 | total time: 12.94m
step 00490 (68.33%) | loss: 2.593472 | lrm: 0.63 | dt: 1763.85ms | tok/sec: 297,240 | mfu: 0.00 | epoch: 1 | total time: 12.97m
step 00491 (68.49%) | loss: 2.598280 | lrm: 0.63 | dt: 1862.02ms | tok/sec: 281,570 | mfu: 0.00 | epoch: 1 | total time: 13.00m
step 00492 (68.63%) | loss: 2.604304 | lrm: 0.63 | dt: 1738.31ms | tok/sec: 301,607 | mfu: 0.00 | epoch: 1 | total time: 13.03m
step 00493 (68.76%) | loss: 2.641653 | lrm: 0.62 | dt: 1848.40ms | tok/sec: 283,644 | mfu: 0.00 | epoch: 1 | total time: 13.06m
step 00494 (68.92%) | loss: 2.625764 | lrm: 0.62 | dt: 1413.17ms | tok/sec: 371,002 | mfu: 0.00 | epoch: 1 | total time: 13.09m
step 00495 (69.05%) | loss: 2.646176 | lrm: 0.62 | dt: 1442.34ms | tok/sec: 363,498 | mfu: 0.00 | epoch: 1 | total time: 13.11m
step 00496 (69.19%) | loss: 2.647508 | lrm: 0.62 | dt: 1708.85ms | tok/sec: 306,807 | mfu: 0.00 | epoch: 1 | total time: 13.14m
step 00497 (69.35%) | loss: 2.621249 | lrm: 0.61 | dt: 1784.20ms | tok/sec: 293,849 | mfu: 0.00 | epoch: 1 | total time: 13.17m
step 00498 (69.47%) | loss: 2.623945 | lrm: 0.61 | dt: 2084.74ms | tok/sec: 251,488 | mfu: 0.00 | epoch: 1 | total time: 13.20m
step 00499 (69.61%) | loss: 2.608328 | lrm: 0.61 | dt: 2249.58ms | tok/sec: 233,059 | mfu: 0.00 | epoch: 1 | total time: 13.24m
step 00500 (69.76%) | loss: 2.586886 | lrm: 0.60 | dt: 1846.98ms | tok/sec: 283,862 | mfu: 0.00 | epoch: 1 | total time: 13.27m
step 00501 (69.90%) | loss: 2.616191 | lrm: 0.60 | dt: 1931.72ms | tok/sec: 271,409 | mfu: 0.00 | epoch: 1 | total time: 13.30m
step 00502 (70.04%) | loss: 2.592808 | lrm: 0.60 | dt: 1989.30ms | tok/sec: 263,554 | mfu: 0.00 | epoch: 1 | total time: 13.34m
step 00503 (70.17%) | loss: 2.606393 | lrm: 0.60 | dt: 1898.42ms | tok/sec: 276,171 | mfu: 0.00 | epoch: 1 | total time: 13.37m
step 00504 (70.30%) | loss: 2.579606 | lrm: 0.59 | dt: 2221.41ms | tok/sec: 236,016 | mfu: 0.00 | epoch: 1 | total time: 13.41m
step 00505 (70.44%) | loss: 2.583239 | lrm: 0.59 | dt: 1741.03ms | tok/sec: 301,137 | mfu: 0.00 | epoch: 1 | total time: 13.43m
step 00506 (70.57%) | loss: 2.592099 | lrm: 0.59 | dt: 1786.05ms | tok/sec: 293,546 | mfu: 0.00 | epoch: 1 | total time: 13.46m
step 00507 (70.72%) | loss: 2.593131 | lrm: 0.59 | dt: 2220.26ms | tok/sec: 236,138 | mfu: 0.00 | epoch: 1 | total time: 13.50m
step 00508 (70.85%) | loss: 2.614977 | lrm: 0.58 | dt: 1911.85ms | tok/sec: 274,230 | mfu: 0.00 | epoch: 1 | total time: 13.53m
step 00509 (70.98%) | loss: 2.603780 | lrm: 0.58 | dt: 1959.73ms | tok/sec: 267,531 | mfu: 0.00 | epoch: 1 | total time: 13.57m
step 00510 (71.12%) | loss: 2.583661 | lrm: 0.58 | dt: 2297.87ms | tok/sec: 228,162 | mfu: 0.00 | epoch: 1 | total time: 13.60m
step 00511 (71.25%) | loss: 2.593764 | lrm: 0.57 | dt: 1830.37ms | tok/sec: 286,438 | mfu: 0.00 | epoch: 1 | total time: 13.64m
step 00512 (71.40%) | loss: 2.585846 | lrm: 0.57 | dt: 2157.00ms | tok/sec: 243,063 | mfu: 0.00 | epoch: 1 | total time: 13.67m
step 00513 (71.54%) | loss: 2.571207 | lrm: 0.57 | dt: 1940.24ms | tok/sec: 270,218 | mfu: 0.00 | epoch: 1 | total time: 13.70m
step 00514 (71.68%) | loss: 2.575166 | lrm: 0.57 | dt: 1877.67ms | tok/sec: 279,223 | mfu: 0.00 | epoch: 1 | total time: 13.73m
step 00515 (71.82%) | loss: 2.565516 | lrm: 0.56 | dt: 1765.53ms | tok/sec: 296,957 | mfu: 0.00 | epoch: 1 | total time: 13.76m
step 00516 (71.97%) | loss: 2.551671 | lrm: 0.56 | dt: 2025.73ms | tok/sec: 258,814 | mfu: 0.00 | epoch: 1 | total time: 13.80m
step 00517 (72.10%) | loss: 2.550156 | lrm: 0.56 | dt: 1838.83ms | tok/sec: 285,119 | mfu: 0.00 | epoch: 1 | total time: 13.83m
step 00518 (72.24%) | loss: 2.544887 | lrm: 0.56 | dt: 1962.35ms | tok/sec: 267,173 | mfu: 0.00 | epoch: 1 | total time: 13.86m
step 00519 (72.38%) | loss: 2.539853 | lrm: 0.55 | dt: 1677.02ms | tok/sec: 312,631 | mfu: 0.00 | epoch: 1 | total time: 13.89m
step 00520 (72.52%) | loss: 2.529532 | lrm: 0.55 | dt: 1906.37ms | tok/sec: 275,019 | mfu: 0.00 | epoch: 1 | total time: 13.92m
step 00521 (72.66%) | loss: 2.553788 | lrm: 0.55 | dt: 1322.00ms | tok/sec: 396,586 | mfu: 0.00 | epoch: 1 | total time: 13.94m
step 00522 (72.80%) | loss: 2.548672 | lrm: 0.54 | dt: 1620.57ms | tok/sec: 323,520 | mfu: 0.00 | epoch: 1 | total time: 13.97m
step 00523 (72.93%) | loss: 2.536274 | lrm: 0.54 | dt: 1774.47ms | tok/sec: 295,462 | mfu: 0.00 | epoch: 1 | total time: 14.00m
step 00524 (73.07%) | loss: 2.531692 | lrm: 0.54 | dt: 1924.66ms | tok/sec: 272,405 | mfu: 0.00 | epoch: 1 | total time: 14.03m
step 00525 (73.22%) | loss: 2.493880 | lrm: 0.54 | dt: 2005.42ms | tok/sec: 261,435 | mfu: 0.00 | epoch: 1 | total time: 14.07m
step 00526 (73.36%) | loss: 2.520590 | lrm: 0.53 | dt: 1947.93ms | tok/sec: 269,150 | mfu: 0.00 | epoch: 1 | total time: 14.10m
step 00527 (73.49%) | loss: 2.567998 | lrm: 0.53 | dt: 2024.14ms | tok/sec: 259,018 | mfu: 0.00 | epoch: 1 | total time: 14.13m
step 00528 (73.63%) | loss: 2.552486 | lrm: 0.53 | dt: 1386.36ms | tok/sec: 378,175 | mfu: 0.00 | epoch: 1 | total time: 14.15m
step 00529 (73.78%) | loss: 2.541638 | lrm: 0.52 | dt: 2005.80ms | tok/sec: 261,385 | mfu: 0.00 | epoch: 1 | total time: 14.19m
step 00530 (73.91%) | loss: 2.517094 | lrm: 0.52 | dt: 1967.33ms | tok/sec: 266,497 | mfu: 0.00 | epoch: 1 | total time: 14.22m
step 00531 (74.05%) | loss: 2.533862 | lrm: 0.52 | dt: 1263.98ms | tok/sec: 414,790 | mfu: 0.00 | epoch: 1 | total time: 14.24m
step 00532 (74.19%) | loss: 2.554004 | lrm: 0.52 | dt: 1244.93ms | tok/sec: 421,138 | mfu: 0.00 | epoch: 1 | total time: 14.26m
step 00533 (74.33%) | loss: 2.567107 | lrm: 0.51 | dt: 2084.99ms | tok/sec: 251,458 | mfu: 0.00 | epoch: 1 | total time: 14.30m
step 00534 (74.46%) | loss: 2.552025 | lrm: 0.51 | dt: 1883.62ms | tok/sec: 278,341 | mfu: 0.00 | epoch: 1 | total time: 14.33m
step 00535 (74.60%) | loss: 2.527175 | lrm: 0.51 | dt: 1431.04ms | tok/sec: 366,368 | mfu: 0.00 | epoch: 1 | total time: 14.35m
step 00536 (74.74%) | loss: 2.535755 | lrm: 0.51 | dt: 1936.93ms | tok/sec: 270,680 | mfu: 0.00 | epoch: 1 | total time: 14.38m
step 00537 (74.88%) | loss: 2.524709 | lrm: 0.50 | dt: 1779.04ms | tok/sec: 294,703 | mfu: 0.00 | epoch: 1 | total time: 14.41m
step 00538 (75.03%) | loss: 2.504905 | lrm: 0.50 | dt: 1928.94ms | tok/sec: 271,800 | mfu: 0.00 | epoch: 1 | total time: 14.45m
step 00539 (75.18%) | loss: 2.507311 | lrm: 0.50 | dt: 1816.82ms | tok/sec: 288,575 | mfu: 0.00 | epoch: 1 | total time: 14.48m
step 00540 (75.32%) | loss: 2.518221 | lrm: 0.49 | dt: 2258.36ms | tok/sec: 232,154 | mfu: 0.00 | epoch: 1 | total time: 14.51m
step 00541 (75.46%) | loss: 2.532845 | lrm: 0.49 | dt: 2783.17ms | tok/sec: 188,378 | mfu: 0.00 | epoch: 1 | total time: 14.56m
step 00542 (75.60%) | loss: 2.540435 | lrm: 0.49 | dt: 2555.69ms | tok/sec: 205,145 | mfu: 0.00 | epoch: 1 | total time: 14.60m
step 00543 (75.73%) | loss: 2.550577 | lrm: 0.49 | dt: 2730.76ms | tok/sec: 191,993 | mfu: 0.00 | epoch: 1 | total time: 14.65m
step 00544 (75.88%) | loss: 2.547134 | lrm: 0.48 | dt: 3568.44ms | tok/sec: 146,923 | mfu: 0.00 | epoch: 1 | total time: 14.71m
step 00545 (76.03%) | loss: 2.551364 | lrm: 0.48 | dt: 2791.71ms | tok/sec: 187,801 | mfu: 0.00 | epoch: 1 | total time: 14.75m
step 00546 (76.17%) | loss: 2.540972 | lrm: 0.48 | dt: 2021.93ms | tok/sec: 259,301 | mfu: 0.00 | epoch: 1 | total time: 14.79m
step 00547 (76.30%) | loss: 2.536746 | lrm: 0.47 | dt: 1637.50ms | tok/sec: 320,176 | mfu: 0.00 | epoch: 1 | total time: 14.82m
step 00548 (76.44%) | loss: 2.529869 | lrm: 0.47 | dt: 2051.07ms | tok/sec: 255,617 | mfu: 0.00 | epoch: 1 | total time: 14.85m
step 00549 (76.59%) | loss: 2.523455 | lrm: 0.47 | dt: 2410.41ms | tok/sec: 217,509 | mfu: 0.00 | epoch: 1 | total time: 14.89m
step 00550 (76.72%) | loss: 2.523907 | lrm: 0.47 | dt: 3056.78ms | tok/sec: 171,516 | mfu: 0.00 | epoch: 1 | total time: 14.94m
step 00551 (76.85%) | loss: 2.542662 | lrm: 0.46 | dt: 2754.08ms | tok/sec: 190,367 | mfu: 0.00 | epoch: 1 | total time: 14.99m
step 00552 (76.98%) | loss: 2.540959 | lrm: 0.46 | dt: 2116.82ms | tok/sec: 247,676 | mfu: 0.00 | epoch: 1 | total time: 15.02m
step 00553 (77.12%) | loss: 2.526287 | lrm: 0.46 | dt: 3345.97ms | tok/sec: 156,692 | mfu: 0.00 | epoch: 1 | total time: 15.08m
step 00554 (77.26%) | loss: 2.498635 | lrm: 0.45 | dt: 1824.88ms | tok/sec: 287,299 | mfu: 0.00 | epoch: 1 | total time: 15.11m
step 00555 (77.40%) | loss: 2.520672 | lrm: 0.45 | dt: 1471.48ms | tok/sec: 356,300 | mfu: 0.00 | epoch: 1 | total time: 15.13m
step 00556 (77.53%) | loss: 2.527955 | lrm: 0.45 | dt: 1971.44ms | tok/sec: 265,942 | mfu: 0.00 | epoch: 1 | total time: 15.17m
step 00557 (77.67%) | loss: 2.527203 | lrm: 0.45 | dt: 2676.74ms | tok/sec: 195,868 | mfu: 0.00 | epoch: 1 | total time: 15.21m
step 00558 (77.82%) | loss: 2.507809 | lrm: 0.44 | dt: 1701.07ms | tok/sec: 308,211 | mfu: 0.00 | epoch: 1 | total time: 15.24m
step 00559 (77.95%) | loss: 2.504922 | lrm: 0.44 | dt: 1774.32ms | tok/sec: 295,487 | mfu: 0.00 | epoch: 1 | total time: 15.27m
step 00560 (78.09%) | loss: 2.533899 | lrm: 0.44 | dt: 1741.16ms | tok/sec: 301,114 | mfu: 0.00 | epoch: 1 | total time: 15.30m
step 00561 (78.23%) | loss: 2.549845 | lrm: 0.44 | dt: 1313.06ms | tok/sec: 399,287 | mfu: 0.00 | epoch: 1 | total time: 15.32m
step 00562 (78.36%) | loss: 2.542419 | lrm: 0.43 | dt: 1770.50ms | tok/sec: 296,123 | mfu: 0.00 | epoch: 1 | total time: 15.35m
step 00563 (78.48%) | loss: 2.509580 | lrm: 0.43 | dt: 1746.22ms | tok/sec: 300,241 | mfu: 0.00 | epoch: 1 | total time: 15.38m
step 00564 (78.63%) | loss: 2.514474 | lrm: 0.43 | dt: 1531.43ms | tok/sec: 342,352 | mfu: 0.00 | epoch: 1 | total time: 15.40m
step 00565 (78.76%) | loss: 2.509626 | lrm: 0.42 | dt: 1435.97ms | tok/sec: 365,111 | mfu: 0.00 | epoch: 1 | total time: 15.43m
step 00566 (78.90%) | loss: 2.519603 | lrm: 0.42 | dt: 1609.40ms | tok/sec: 325,765 | mfu: 0.00 | epoch: 1 | total time: 15.45m
step 00567 (79.05%) | loss: 2.544826 | lrm: 0.42 | dt: 1577.78ms | tok/sec: 332,294 | mfu: 0.00 | epoch: 1 | total time: 15.48m
step 00568 (79.18%) | loss: 2.558603 | lrm: 0.42 | dt: 1296.38ms | tok/sec: 404,424 | mfu: 0.00 | epoch: 1 | total time: 15.50m
step 00569 (79.31%) | loss: 2.571285 | lrm: 0.41 | dt: 1833.83ms | tok/sec: 285,897 | mfu: 0.00 | epoch: 1 | total time: 15.53m
step 00570 (79.45%) | loss: 2.559049 | lrm: 0.41 | dt: 1906.49ms | tok/sec: 275,001 | mfu: 0.00 | epoch: 1 | total time: 15.56m
step 00571 (79.60%) | loss: 2.562064 | lrm: 0.41 | dt: 1759.05ms | tok/sec: 298,051 | mfu: 0.00 | epoch: 1 | total time: 15.59m
step 00572 (79.73%) | loss: 2.564086 | lrm: 0.41 | dt: 2054.44ms | tok/sec: 255,197 | mfu: 0.00 | epoch: 1 | total time: 15.63m
step 00573 (79.88%) | loss: 2.585596 | lrm: 0.40 | dt: 2148.57ms | tok/sec: 244,017 | mfu: 0.00 | epoch: 1 | total time: 15.66m
step 00574 (80.02%) | loss: 2.552352 | lrm: 0.40 | dt: 1313.21ms | tok/sec: 399,240 | mfu: 0.00 | epoch: 1 | total time: 15.69m
step 00575 (80.17%) | loss: 2.565867 | lrm: 0.40 | dt: 1973.90ms | tok/sec: 265,609 | mfu: 0.00 | epoch: 1 | total time: 15.72m
step 00576 (80.31%) | loss: 2.554506 | lrm: 0.39 | dt: 1751.03ms | tok/sec: 299,417 | mfu: 0.00 | epoch: 1 | total time: 15.75m
step 00577 (80.44%) | loss: 2.533439 | lrm: 0.39 | dt: 1834.46ms | tok/sec: 285,799 | mfu: 0.00 | epoch: 1 | total time: 15.78m
step 00578 (80.57%) | loss: 2.557983 | lrm: 0.39 | dt: 1813.34ms | tok/sec: 289,127 | mfu: 0.00 | epoch: 1 | total time: 15.81m
step 00579 (80.72%) | loss: 2.531104 | lrm: 0.39 | dt: 1878.55ms | tok/sec: 279,092 | mfu: 0.00 | epoch: 1 | total time: 15.84m
step 00580 (80.85%) | loss: 2.553800 | lrm: 0.38 | dt: 1767.69ms | tok/sec: 296,595 | mfu: 0.00 | epoch: 1 | total time: 15.87m
step 00581 (81.00%) | loss: 2.551957 | lrm: 0.38 | dt: 1905.81ms | tok/sec: 275,099 | mfu: 0.00 | epoch: 1 | total time: 15.90m
step 00582 (81.13%) | loss: 2.524235 | lrm: 0.38 | dt: 1805.34ms | tok/sec: 290,408 | mfu: 0.00 | epoch: 1 | total time: 15.93m
step 00583 (81.27%) | loss: 2.525916 | lrm: 0.37 | dt: 1841.06ms | tok/sec: 284,775 | mfu: 0.00 | epoch: 1 | total time: 15.96m
step 00584 (81.40%) | loss: 2.529524 | lrm: 0.37 | dt: 1708.26ms | tok/sec: 306,913 | mfu: 0.00 | epoch: 1 | total time: 15.99m
step 00585 (81.54%) | loss: 2.532193 | lrm: 0.37 | dt: 1791.64ms | tok/sec: 292,629 | mfu: 0.00 | epoch: 1 | total time: 16.02m
step 00586 (81.68%) | loss: 2.536210 | lrm: 0.37 | dt: 1909.47ms | tok/sec: 274,573 | mfu: 0.00 | epoch: 1 | total time: 16.05m
step 00587 (81.82%) | loss: 2.546913 | lrm: 0.36 | dt: 1991.35ms | tok/sec: 263,282 | mfu: 0.00 | epoch: 1 | total time: 16.09m
step 00588 (81.96%) | loss: 2.575400 | lrm: 0.36 | dt: 1872.47ms | tok/sec: 279,997 | mfu: 0.00 | epoch: 1 | total time: 16.12m
step 00589 (82.09%) | loss: 2.572403 | lrm: 0.36 | dt: 1967.76ms | tok/sec: 266,438 | mfu: 0.00 | epoch: 1 | total time: 16.15m
step 00590 (82.23%) | loss: 2.567394 | lrm: 0.36 | dt: 1879.75ms | tok/sec: 278,913 | mfu: 0.00 | epoch: 1 | total time: 16.18m
step 00591 (82.37%) | loss: 2.569088 | lrm: 0.35 | dt: 1901.27ms | tok/sec: 275,756 | mfu: 0.00 | epoch: 1 | total time: 16.21m
step 00592 (82.51%) | loss: 2.571978 | lrm: 0.35 | dt: 1805.02ms | tok/sec: 290,460 | mfu: 0.00 | epoch: 1 | total time: 16.24m
step 00593 (82.64%) | loss: 2.573195 | lrm: 0.35 | dt: 1916.24ms | tok/sec: 273,602 | mfu: 0.00 | epoch: 1 | total time: 16.27m
step 00594 (82.77%) | loss: 2.571113 | lrm: 0.34 | dt: 1483.05ms | tok/sec: 353,519 | mfu: 0.00 | epoch: 1 | total time: 16.30m
step 00595 (82.91%) | loss: 2.584123 | lrm: 0.34 | dt: 1828.38ms | tok/sec: 286,750 | mfu: 0.00 | epoch: 1 | total time: 16.33m
step 00596 (83.05%) | loss: 2.577231 | lrm: 0.34 | dt: 1842.05ms | tok/sec: 284,622 | mfu: 0.00 | epoch: 1 | total time: 16.36m
step 00597 (83.20%) | loss: 2.560507 | lrm: 0.34 | dt: 1956.78ms | tok/sec: 267,933 | mfu: 0.00 | epoch: 1 | total time: 16.39m
step 00598 (83.35%) | loss: 2.555798 | lrm: 0.33 | dt: 1415.05ms | tok/sec: 370,508 | mfu: 0.00 | epoch: 1 | total time: 16.42m
step 00599 (83.50%) | loss: 2.535551 | lrm: 0.33 | dt: 1633.00ms | tok/sec: 321,057 | mfu: 0.00 | epoch: 1 | total time: 16.44m
step 00600 (83.65%) | loss: 2.522363 | lrm: 0.33 | dt: 1684.40ms | tok/sec: 311,261 | mfu: 0.00 | epoch: 1 | total time: 16.47m
Step 00600 | Validation bpb: 0.7907
Final: 597/2376 (25.13%)
  ARC-Easy: 25.13%
Final: 277/1172 (23.63%)
  ARC-Challenge: 23.63%
Final: 3302/14042 (23.52%)
  MMLU: 23.52%
[KRank 0 | 0/24 (0.00%)
==================================================
Final: 0/24 (0.00%)
  GSM8K: 0.00%
[KRank 0 | 0/24 (0.00%)
==================================================
Final: 0/24 (0.00%)
  HumanEval: 0.00%
Step 00600 | ChatCORE: -0.0073 | ChatCORE_cat: -0.0121
step 00601 (83.79%) | loss: 2.494728 | lrm: 0.32 | dt: 1668.97ms | tok/sec: 314,138 | mfu: 0.00 | epoch: 1 | total time: 16.50m
step 00602 (83.91%) | loss: 2.475194 | lrm: 0.32 | dt: 1150.35ms | tok/sec: 455,764 | mfu: 0.00 | epoch: 1 | total time: 16.52m
step 00603 (84.05%) | loss: 2.485710 | lrm: 0.32 | dt: 1152.97ms | tok/sec: 454,726 | mfu: 0.00 | epoch: 1 | total time: 16.54m
step 00604 (84.20%) | loss: 2.511040 | lrm: 0.32 | dt: 1149.57ms | tok/sec: 456,071 | mfu: 0.00 | epoch: 1 | total time: 16.56m
step 00605 (84.35%) | loss: 2.506153 | lrm: 0.31 | dt: 1150.97ms | tok/sec: 455,516 | mfu: 0.00 | epoch: 1 | total time: 16.58m
step 00606 (84.49%) | loss: 2.502790 | lrm: 0.31 | dt: 1151.85ms | tok/sec: 455,171 | mfu: 0.00 | epoch: 1 | total time: 16.60m
step 00607 (84.63%) | loss: 2.517511 | lrm: 0.31 | dt: 1152.32ms | tok/sec: 454,985 | mfu: 0.00 | epoch: 1 | total time: 16.61m
step 00608 (84.76%) | loss: 2.495121 | lrm: 0.30 | dt: 1152.74ms | tok/sec: 454,820 | mfu: 0.00 | epoch: 1 | total time: 16.63m
step 00609 (84.88%) | loss: 2.527411 | lrm: 0.30 | dt: 1150.78ms | tok/sec: 455,595 | mfu: 0.00 | epoch: 1 | total time: 16.65m
step 00610 (85.03%) | loss: 2.539722 | lrm: 0.30 | dt: 1169.91ms | tok/sec: 448,143 | mfu: 0.00 | epoch: 1 | total time: 16.67m
step 00611 (85.18%) | loss: 2.530369 | lrm: 0.30 | dt: 1174.90ms | tok/sec: 446,239 | mfu: 0.00 | epoch: 1 | total time: 16.69m
step 00612 (85.32%) | loss: 2.540296 | lrm: 0.29 | dt: 1664.13ms | tok/sec: 315,053 | mfu: 0.00 | epoch: 1 | total time: 16.72m
step 00613 (85.46%) | loss: 2.513558 | lrm: 0.29 | dt: 1800.39ms | tok/sec: 291,208 | mfu: 0.00 | epoch: 1 | total time: 16.75m
step 00614 (85.58%) | loss: 2.520667 | lrm: 0.29 | dt: 1301.66ms | tok/sec: 402,785 | mfu: 0.00 | epoch: 1 | total time: 16.77m
step 00615 (85.73%) | loss: 2.489281 | lrm: 0.29 | dt: 1440.11ms | tok/sec: 364,060 | mfu: 0.00 | epoch: 1 | total time: 16.80m
step 00616 (85.88%) | loss: 2.494229 | lrm: 0.28 | dt: 1158.26ms | tok/sec: 452,652 | mfu: 0.00 | epoch: 1 | total time: 16.81m
step 00617 (86.02%) | loss: 2.536614 | lrm: 0.28 | dt: 1362.95ms | tok/sec: 384,671 | mfu: 0.00 | epoch: 1 | total time: 16.84m
step 00618 (86.16%) | loss: 2.518333 | lrm: 0.28 | dt: 1183.46ms | tok/sec: 443,013 | mfu: 0.00 | epoch: 1 | total time: 16.86m
step 00619 (86.30%) | loss: 2.517063 | lrm: 0.27 | dt: 1169.66ms | tok/sec: 448,237 | mfu: 0.00 | epoch: 1 | total time: 16.88m
step 00620 (86.44%) | loss: 2.540582 | lrm: 0.27 | dt: 1500.96ms | tok/sec: 349,302 | mfu: 0.00 | epoch: 1 | total time: 16.90m
step 00621 (86.57%) | loss: 2.525544 | lrm: 0.27 | dt: 1356.35ms | tok/sec: 386,543 | mfu: 0.00 | epoch: 1 | total time: 16.92m
step 00622 (86.71%) | loss: 2.522130 | lrm: 0.27 | dt: 1358.77ms | tok/sec: 385,855 | mfu: 0.00 | epoch: 1 | total time: 16.95m
step 00623 (86.86%) | loss: 2.521565 | lrm: 0.26 | dt: 1272.75ms | tok/sec: 411,932 | mfu: 0.00 | epoch: 1 | total time: 16.97m
step 00624 (86.99%) | loss: 2.484964 | lrm: 0.26 | dt: 1565.66ms | tok/sec: 334,867 | mfu: 0.00 | epoch: 1 | total time: 16.99m
step 00625 (87.14%) | loss: 2.465664 | lrm: 0.26 | dt: 1785.28ms | tok/sec: 293,672 | mfu: 0.00 | epoch: 1 | total time: 17.02m
step 00626 (87.28%) | loss: 2.483363 | lrm: 0.25 | dt: 1767.15ms | tok/sec: 296,685 | mfu: 0.00 | epoch: 1 | total time: 17.05m
step 00627 (87.41%) | loss: 2.526653 | lrm: 0.25 | dt: 1923.52ms | tok/sec: 272,566 | mfu: 0.00 | epoch: 1 | total time: 17.09m
step 00628 (87.55%) | loss: 2.534769 | lrm: 0.25 | dt: 1745.02ms | tok/sec: 300,447 | mfu: 0.00 | epoch: 1 | total time: 17.11m
step 00629 (87.67%) | loss: 2.520208 | lrm: 0.25 | dt: 2233.68ms | tok/sec: 234,719 | mfu: 0.00 | epoch: 1 | total time: 17.15m
step 00630 (87.82%) | loss: 2.503086 | lrm: 0.24 | dt: 2255.80ms | tok/sec: 232,417 | mfu: 0.00 | epoch: 1 | total time: 17.19m
step 00631 (87.96%) | loss: 2.519117 | lrm: 0.24 | dt: 1849.59ms | tok/sec: 283,462 | mfu: 0.00 | epoch: 1 | total time: 17.22m
step 00632 (88.11%) | loss: 2.560267 | lrm: 0.24 | dt: 2047.41ms | tok/sec: 256,074 | mfu: 0.00 | epoch: 1 | total time: 17.25m
step 00633 (88.24%) | loss: 2.568625 | lrm: 0.24 | dt: 1649.03ms | tok/sec: 317,937 | mfu: 0.00 | epoch: 1 | total time: 17.28m
step 00634 (88.38%) | loss: 2.547805 | lrm: 0.23 | dt: 2206.47ms | tok/sec: 237,614 | mfu: 0.00 | epoch: 1 | total time: 17.32m
step 00635 (88.51%) | loss: 2.544488 | lrm: 0.23 | dt: 2790.52ms | tok/sec: 187,882 | mfu: 0.00 | epoch: 1 | total time: 17.37m
step 00636 (88.66%) | loss: 2.526669 | lrm: 0.23 | dt: 2533.48ms | tok/sec: 206,943 | mfu: 0.00 | epoch: 1 | total time: 17.41m
step 00637 (88.80%) | loss: 2.551518 | lrm: 0.22 | dt: 2350.46ms | tok/sec: 223,057 | mfu: 0.00 | epoch: 1 | total time: 17.45m
step 00638 (88.93%) | loss: 2.530255 | lrm: 0.22 | dt: 2548.21ms | tok/sec: 205,747 | mfu: 0.00 | epoch: 1 | total time: 17.49m
step 00639 (89.07%) | loss: 2.511878 | lrm: 0.22 | dt: 2506.50ms | tok/sec: 209,170 | mfu: 0.00 | epoch: 1 | total time: 17.53m
step 00640 (89.21%) | loss: 2.476755 | lrm: 0.22 | dt: 2468.04ms | tok/sec: 212,430 | mfu: 0.00 | epoch: 1 | total time: 17.57m
step 00641 (89.34%) | loss: 2.462495 | lrm: 0.21 | dt: 1995.35ms | tok/sec: 262,755 | mfu: 0.00 | epoch: 1 | total time: 17.61m
step 00642 (89.48%) | loss: 2.511344 | lrm: 0.21 | dt: 2030.44ms | tok/sec: 258,213 | mfu: 0.00 | epoch: 1 | total time: 17.64m
step 00643 (89.62%) | loss: 2.475916 | lrm: 0.21 | dt: 2192.29ms | tok/sec: 239,150 | mfu: 0.00 | epoch: 1 | total time: 17.68m
step 00644 (89.76%) | loss: 2.489046 | lrm: 0.20 | dt: 1746.08ms | tok/sec: 300,265 | mfu: 0.00 | epoch: 1 | total time: 17.70m
step 00645 (89.90%) | loss: 2.478416 | lrm: 0.20 | dt: 2438.99ms | tok/sec: 214,961 | mfu: 0.00 | epoch: 1 | total time: 17.75m
step 00646 (90.05%) | loss: 2.430154 | lrm: 0.20 | dt: 2458.17ms | tok/sec: 213,283 | mfu: 0.00 | epoch: 1 | total time: 17.79m
step 00647 (90.18%) | loss: 2.449134 | lrm: 0.20 | dt: 2155.13ms | tok/sec: 243,274 | mfu: 0.00 | epoch: 1 | total time: 17.82m
step 00648 (90.33%) | loss: 2.432941 | lrm: 0.19 | dt: 2027.23ms | tok/sec: 258,623 | mfu: 0.00 | epoch: 1 | total time: 17.86m
step 00649 (90.47%) | loss: 2.461951 | lrm: 0.19 | dt: 2089.04ms | tok/sec: 250,971 | mfu: 0.00 | epoch: 1 | total time: 17.89m
step 00650 (90.61%) | loss: 2.464798 | lrm: 0.19 | dt: 2346.55ms | tok/sec: 223,429 | mfu: 0.00 | epoch: 1 | total time: 17.93m
step 00651 (90.74%) | loss: 2.482340 | lrm: 0.19 | dt: 2005.36ms | tok/sec: 261,443 | mfu: 0.00 | epoch: 1 | total time: 17.96m
step 00652 (90.89%) | loss: 2.490265 | lrm: 0.18 | dt: 2338.46ms | tok/sec: 224,202 | mfu: 0.00 | epoch: 1 | total time: 18.00m
step 00653 (91.04%) | loss: 2.519508 | lrm: 0.18 | dt: 2811.62ms | tok/sec: 186,471 | mfu: 0.00 | epoch: 1 | total time: 18.05m
step 00654 (91.18%) | loss: 2.533589 | lrm: 0.18 | dt: 1810.37ms | tok/sec: 289,601 | mfu: 0.00 | epoch: 1 | total time: 18.08m
step 00655 (91.31%) | loss: 2.527120 | lrm: 0.17 | dt: 1898.80ms | tok/sec: 276,115 | mfu: 0.00 | epoch: 1 | total time: 18.11m
step 00656 (91.45%) | loss: 2.486794 | lrm: 0.17 | dt: 1740.77ms | tok/sec: 301,180 | mfu: 0.00 | epoch: 1 | total time: 18.14m
step 00657 (91.59%) | loss: 2.498093 | lrm: 0.17 | dt: 1913.92ms | tok/sec: 273,934 | mfu: 0.00 | epoch: 1 | total time: 18.17m
step 00658 (91.73%) | loss: 2.493606 | lrm: 0.17 | dt: 1992.70ms | tok/sec: 263,104 | mfu: 0.00 | epoch: 1 | total time: 18.21m
step 00659 (91.87%) | loss: 2.481554 | lrm: 0.16 | dt: 1746.32ms | tok/sec: 300,223 | mfu: 0.00 | epoch: 1 | total time: 18.23m
step 00660 (92.02%) | loss: 2.466558 | lrm: 0.16 | dt: 1896.33ms | tok/sec: 276,474 | mfu: 0.00 | epoch: 1 | total time: 18.27m
step 00661 (92.17%) | loss: 2.473726 | lrm: 0.16 | dt: 1910.67ms | tok/sec: 274,399 | mfu: 0.00 | epoch: 1 | total time: 18.30m
step 00662 (92.30%) | loss: 2.463778 | lrm: 0.15 | dt: 2597.99ms | tok/sec: 201,805 | mfu: 0.00 | epoch: 1 | total time: 18.34m
step 00663 (92.44%) | loss: 2.471180 | lrm: 0.15 | dt: 2700.35ms | tok/sec: 194,155 | mfu: 0.00 | epoch: 1 | total time: 18.39m
step 00664 (92.58%) | loss: 2.467592 | lrm: 0.15 | dt: 2675.95ms | tok/sec: 195,925 | mfu: 0.00 | epoch: 1 | total time: 18.43m
step 00665 (92.73%) | loss: 2.441707 | lrm: 0.15 | dt: 2108.90ms | tok/sec: 248,607 | mfu: 0.00 | epoch: 1 | total time: 18.47m
step 00666 (92.86%) | loss: 2.470858 | lrm: 0.14 | dt: 2511.92ms | tok/sec: 208,720 | mfu: 0.00 | epoch: 1 | total time: 18.51m
step 00667 (92.99%) | loss: 2.459242 | lrm: 0.14 | dt: 1816.08ms | tok/sec: 288,691 | mfu: 0.00 | epoch: 1 | total time: 18.54m
step 00668 (93.13%) | loss: 2.470029 | lrm: 0.14 | dt: 1468.63ms | tok/sec: 356,990 | mfu: 0.00 | epoch: 1 | total time: 18.56m
step 00669 (93.28%) | loss: 2.482558 | lrm: 0.13 | dt: 1796.68ms | tok/sec: 291,808 | mfu: 0.00 | epoch: 1 | total time: 18.59m
step 00670 (93.42%) | loss: 2.481780 | lrm: 0.13 | dt: 1852.59ms | tok/sec: 283,003 | mfu: 0.00 | epoch: 1 | total time: 18.62m
step 00671 (93.56%) | loss: 2.460193 | lrm: 0.13 | dt: 1783.03ms | tok/sec: 294,043 | mfu: 0.00 | epoch: 1 | total time: 18.65m
step 00672 (93.70%) | loss: 2.451638 | lrm: 0.13 | dt: 1962.17ms | tok/sec: 267,197 | mfu: 0.00 | epoch: 1 | total time: 18.69m
step 00673 (93.83%) | loss: 2.500609 | lrm: 0.12 | dt: 1948.63ms | tok/sec: 269,054 | mfu: 0.00 | epoch: 1 | total time: 18.72m
step 00674 (93.97%) | loss: 2.500016 | lrm: 0.12 | dt: 2721.01ms | tok/sec: 192,681 | mfu: 0.00 | epoch: 1 | total time: 18.76m
step 00675 (94.11%) | loss: 2.513590 | lrm: 0.12 | dt: 2185.96ms | tok/sec: 239,843 | mfu: 0.00 | epoch: 1 | total time: 18.80m
step 00676 (94.25%) | loss: 2.527277 | lrm: 0.12 | dt: 2487.51ms | tok/sec: 210,768 | mfu: 0.00 | epoch: 1 | total time: 18.84m
step 00677 (94.40%) | loss: 2.527151 | lrm: 0.11 | dt: 1989.83ms | tok/sec: 263,483 | mfu: 0.00 | epoch: 1 | total time: 18.87m
step 00678 (94.54%) | loss: 2.530517 | lrm: 0.11 | dt: 1245.72ms | tok/sec: 420,870 | mfu: 0.00 | epoch: 1 | total time: 18.90m
step 00679 (94.68%) | loss: 2.511535 | lrm: 0.11 | dt: 1782.00ms | tok/sec: 294,213 | mfu: 0.00 | epoch: 1 | total time: 18.93m
step 00680 (94.82%) | loss: 2.500002 | lrm: 0.10 | dt: 1684.81ms | tok/sec: 311,184 | mfu: 0.00 | epoch: 1 | total time: 18.95m
step 00681 (94.98%) | loss: 2.506754 | lrm: 0.10 | dt: 1745.58ms | tok/sec: 300,351 | mfu: 0.00 | epoch: 1 | total time: 18.98m
step 00682 (95.10%) | loss: 2.507124 | lrm: 0.10 | dt: 1935.03ms | tok/sec: 270,945 | mfu: 0.00 | epoch: 1 | total time: 19.01m
step 00683 (95.24%) | loss: 2.468081 | lrm: 0.10 | dt: 1680.19ms | tok/sec: 312,041 | mfu: 0.00 | epoch: 1 | total time: 19.04m
step 00684 (95.40%) | loss: 2.466437 | lrm: 0.09 | dt: 1707.10ms | tok/sec: 307,122 | mfu: 0.00 | epoch: 1 | total time: 19.07m
step 00685 (95.53%) | loss: 2.458293 | lrm: 0.09 | dt: 1865.96ms | tok/sec: 280,975 | mfu: 0.00 | epoch: 1 | total time: 19.10m
step 00686 (95.68%) | loss: 2.494454 | lrm: 0.09 | dt: 2107.18ms | tok/sec: 248,810 | mfu: 0.00 | epoch: 1 | total time: 19.14m
step 00687 (95.82%) | loss: 2.494022 | lrm: 0.08 | dt: 2873.26ms | tok/sec: 182,471 | mfu: 0.00 | epoch: 1 | total time: 19.19m
step 00688 (95.97%) | loss: 2.508791 | lrm: 0.08 | dt: 3201.28ms | tok/sec: 163,774 | mfu: 0.00 | epoch: 1 | total time: 19.24m
step 00689 (96.12%) | loss: 2.537884 | lrm: 0.08 | dt: 1851.15ms | tok/sec: 283,222 | mfu: 0.00 | epoch: 1 | total time: 19.27m
step 00690 (96.25%) | loss: 2.525632 | lrm: 0.07 | dt: 1584.14ms | tok/sec: 330,960 | mfu: 0.00 | epoch: 1 | total time: 19.30m
step 00691 (96.40%) | loss: 2.498674 | lrm: 0.07 | dt: 2098.77ms | tok/sec: 249,806 | mfu: 0.00 | epoch: 1 | total time: 19.33m
step 00692 (96.54%) | loss: 2.466726 | lrm: 0.07 | dt: 2207.80ms | tok/sec: 237,470 | mfu: 0.00 | epoch: 1 | total time: 19.37m
step 00693 (96.68%) | loss: 2.490593 | lrm: 0.07 | dt: 1958.14ms | tok/sec: 267,748 | mfu: 0.00 | epoch: 1 | total time: 19.40m
step 00694 (96.81%) | loss: 2.505956 | lrm: 0.06 | dt: 1558.47ms | tok/sec: 336,411 | mfu: 0.00 | epoch: 1 | total time: 19.43m
step 00695 (96.95%) | loss: 2.525579 | lrm: 0.06 | dt: 1788.81ms | tok/sec: 293,092 | mfu: 0.00 | epoch: 1 | total time: 19.46m
step 00696 (97.08%) | loss: 2.521737 | lrm: 0.06 | dt: 1786.42ms | tok/sec: 293,485 | mfu: 0.00 | epoch: 1 | total time: 19.49m
step 00697 (97.22%) | loss: 2.525692 | lrm: 0.06 | dt: 1952.16ms | tok/sec: 268,568 | mfu: 0.00 | epoch: 1 | total time: 19.52m
step 00698 (97.36%) | loss: 2.508232 | lrm: 0.05 | dt: 1953.34ms | tok/sec: 268,406 | mfu: 0.00 | epoch: 1 | total time: 19.55m
step 00699 (97.51%) | loss: 2.520109 | lrm: 0.05 | dt: 1975.34ms | tok/sec: 265,416 | mfu: 0.00 | epoch: 1 | total time: 19.58m
step 00700 (97.64%) | loss: 2.528238 | lrm: 0.05 | dt: 2003.78ms | tok/sec: 261,649 | mfu: 0.00 | epoch: 1 | total time: 19.62m
step 00701 (97.79%) | loss: 2.505687 | lrm: 0.04 | dt: 2067.03ms | tok/sec: 253,642 | mfu: 0.00 | epoch: 1 | total time: 19.65m
step 00702 (97.93%) | loss: 2.522146 | lrm: 0.04 | dt: 2781.85ms | tok/sec: 188,467 | mfu: 0.00 | epoch: 1 | total time: 19.70m
step 00703 (98.07%) | loss: 2.482824 | lrm: 0.04 | dt: 1547.72ms | tok/sec: 338,747 | mfu: 0.00 | epoch: 1 | total time: 19.72m
step 00704 (98.20%) | loss: 2.483186 | lrm: 0.04 | dt: 1715.85ms | tok/sec: 305,556 | mfu: 0.00 | epoch: 1 | total time: 19.75m
step 00705 (98.34%) | loss: 2.446941 | lrm: 0.03 | dt: 1890.37ms | tok/sec: 277,347 | mfu: 0.00 | epoch: 1 | total time: 19.78m
step 00706 (98.47%) | loss: 2.468751 | lrm: 0.03 | dt: 2152.89ms | tok/sec: 243,527 | mfu: 0.00 | epoch: 1 | total time: 19.82m
step 00707 (98.61%) | loss: 2.485630 | lrm: 0.03 | dt: 2144.78ms | tok/sec: 244,448 | mfu: 0.00 | epoch: 1 | total time: 19.86m
step 00708 (98.75%) | loss: 2.496351 | lrm: 0.03 | dt: 2497.57ms | tok/sec: 209,918 | mfu: 0.00 | epoch: 1 | total time: 19.90m
step 00709 (98.89%) | loss: 2.539270 | lrm: 0.02 | dt: 1491.78ms | tok/sec: 351,452 | mfu: 0.00 | epoch: 1 | total time: 19.92m
step 00710 (99.04%) | loss: 2.506937 | lrm: 0.02 | dt: 2063.73ms | tok/sec: 254,049 | mfu: 0.00 | epoch: 1 | total time: 19.96m
step 00711 (99.18%) | loss: 2.517961 | lrm: 0.02 | dt: 1706.61ms | tok/sec: 307,210 | mfu: 0.00 | epoch: 1 | total time: 19.98m
step 00712 (99.33%) | loss: 2.503145 | lrm: 0.01 | dt: 2030.10ms | tok/sec: 258,256 | mfu: 0.00 | epoch: 1 | total time: 20.02m
step 00713 (99.46%) | loss: 2.501185 | lrm: 0.01 | dt: 2086.96ms | tok/sec: 251,220 | mfu: 0.00 | epoch: 1 | total time: 20.05m
step 00714 (99.60%) | loss: 2.479755 | lrm: 0.01 | dt: 1873.92ms | tok/sec: 279,781 | mfu: 0.00 | epoch: 1 | total time: 20.08m
step 00715 (99.73%) | loss: 2.463390 | lrm: 0.01 | dt: 1682.35ms | tok/sec: 311,640 | mfu: 0.00 | epoch: 1 | total time: 20.11m
step 00716 (99.87%) | loss: 2.457888 | lrm: 0.00 | dt: 1933.92ms | tok/sec: 271,101 | mfu: 0.00 | epoch: 1 | total time: 20.14m
step 00717 (100.01%) | loss: 2.491959 | lrm: -0.00 | dt: 2394.96ms | tok/sec: 218,912 | mfu: 0.00 | epoch: 2 | total time: 20.18m
Step 00717 | Validation bpb: 0.7817
Final: 591/2376 (24.87%)
  ARC-Easy: 24.87%
Final: 269/1172 (22.95%)
  ARC-Challenge: 22.95%
Final: 3289/14042 (23.42%)
  MMLU: 23.42%
[KRank 0 | 0/24 (0.00%)
==================================================
Final: 0/24 (0.00%)
  GSM8K: 0.00%
[KRank 0 | 0/24 (0.00%)
==================================================
Final: 0/24 (0.00%)
  HumanEval: 0.00%
Step 00717 | ChatCORE: -0.0100 | ChatCORE_cat: -0.0167
2026-09-15 21:26:05,032 - nanochat.checkpoint_manager - [32m[1mINFO[0m - Saved model parameters to: /home/kayjayy/.cache/nanochat/chatsft_checkpoints/d2/model_000717.pt
2026-09-15 21:26:05,057 - nanochat.checkpoint_manager - [32m[1mINFO[0m - Saved metadata to: /home/kayjayy/.cache/nanochat/chatsft_checkpoints/d2/meta_000717.json
2026-09-15 21:26:05,191 - nanochat.checkpoint_manager - [32m[1mINFO[0m - Saved optimizer state to: /home/kayjayy/.cache/nanochat/chatsft_checkpoints/d2/optim_000717_rank0.pt
Peak memory usage: 3640.72MiB
Total training time: 20.18m
Minimum validation bpb: 0.7817
